Archive member included to satisfy reference by file (symbol)

c:/program files (x86)/gnu arm embedded toolchain/10 2021.10/bin/../lib/gcc/arm-none-eabi/10.3.1/../../../../arm-none-eabi/lib/thumb/v7e-m+fp/hard\libc_nano.a(lib_a-calloc.o)
                              build/CANopen.o (calloc)
c:/program files (x86)/gnu arm embedded toolchain/10 2021.10/bin/../lib/gcc/arm-none-eabi/10.3.1/../../../../arm-none-eabi/lib/thumb/v7e-m+fp/hard\libc_nano.a(lib_a-exit.o)
                              c:/program files (x86)/gnu arm embedded toolchain/10 2021.10/bin/../lib/gcc/arm-none-eabi/10.3.1/../../../../arm-none-eabi/lib/thumb/v7e-m+fp/hard/crt0.o (exit)
c:/program files (x86)/gnu arm embedded toolchain/10 2021.10/bin/../lib/gcc/arm-none-eabi/10.3.1/../../../../arm-none-eabi/lib/thumb/v7e-m+fp/hard\libc_nano.a(lib_a-fflush.o)
                              build/CO_app_STM32.o (fflush)
c:/program files (x86)/gnu arm embedded toolchain/10 2021.10/bin/../lib/gcc/arm-none-eabi/10.3.1/../../../../arm-none-eabi/lib/thumb/v7e-m+fp/hard\libc_nano.a(lib_a-findfp.o)
                              c:/program files (x86)/gnu arm embedded toolchain/10 2021.10/bin/../lib/gcc/arm-none-eabi/10.3.1/../../../../arm-none-eabi/lib/thumb/v7e-m+fp/hard\libc_nano.a(lib_a-fflush.o) (__sinit)
c:/program files (x86)/gnu arm embedded toolchain/10 2021.10/bin/../lib/gcc/arm-none-eabi/10.3.1/../../../../arm-none-eabi/lib/thumb/v7e-m+fp/hard\libc_nano.a(lib_a-fwalk.o)
                              c:/program files (x86)/gnu arm embedded toolchain/10 2021.10/bin/../lib/gcc/arm-none-eabi/10.3.1/../../../../arm-none-eabi/lib/thumb/v7e-m+fp/hard\libc_nano.a(lib_a-findfp.o) (_fwalk)
c:/program files (x86)/gnu arm embedded toolchain/10 2021.10/bin/../lib/gcc/arm-none-eabi/10.3.1/../../../../arm-none-eabi/lib/thumb/v7e-m+fp/hard\libc_nano.a(lib_a-impure.o)
                              c:/program files (x86)/gnu arm embedded toolchain/10 2021.10/bin/../lib/gcc/arm-none-eabi/10.3.1/../../../../arm-none-eabi/lib/thumb/v7e-m+fp/hard\libc_nano.a(lib_a-exit.o) (_global_impure_ptr)
c:/program files (x86)/gnu arm embedded toolchain/10 2021.10/bin/../lib/gcc/arm-none-eabi/10.3.1/../../../../arm-none-eabi/lib/thumb/v7e-m+fp/hard\libc_nano.a(lib_a-init.o)
                              c:/program files (x86)/gnu arm embedded toolchain/10 2021.10/bin/../lib/gcc/arm-none-eabi/10.3.1/../../../../arm-none-eabi/lib/thumb/v7e-m+fp/hard/crt0.o (__libc_init_array)
c:/program files (x86)/gnu arm embedded toolchain/10 2021.10/bin/../lib/gcc/arm-none-eabi/10.3.1/../../../../arm-none-eabi/lib/thumb/v7e-m+fp/hard\libc_nano.a(lib_a-lock.o)
                              c:/program files (x86)/gnu arm embedded toolchain/10 2021.10/bin/../lib/gcc/arm-none-eabi/10.3.1/../../../../arm-none-eabi/lib/thumb/v7e-m+fp/hard\libc_nano.a(lib_a-findfp.o) (__retarget_lock_init_recursive)
c:/program files (x86)/gnu arm embedded toolchain/10 2021.10/bin/../lib/gcc/arm-none-eabi/10.3.1/../../../../arm-none-eabi/lib/thumb/v7e-m+fp/hard\libc_nano.a(lib_a-malloc.o)
                              build/CANopen.o (free)
c:/program files (x86)/gnu arm embedded toolchain/10 2021.10/bin/../lib/gcc/arm-none-eabi/10.3.1/../../../../arm-none-eabi/lib/thumb/v7e-m+fp/hard\libc_nano.a(lib_a-memcpy-stub.o)
                              build/queue.o (memcpy)
c:/program files (x86)/gnu arm embedded toolchain/10 2021.10/bin/../lib/gcc/arm-none-eabi/10.3.1/../../../../arm-none-eabi/lib/thumb/v7e-m+fp/hard\libc_nano.a(lib_a-memmove.o)
                              build/CO_SDOserver.o (memmove)
c:/program files (x86)/gnu arm embedded toolchain/10 2021.10/bin/../lib/gcc/arm-none-eabi/10.3.1/../../../../arm-none-eabi/lib/thumb/v7e-m+fp/hard\libc_nano.a(lib_a-memset.o)
                              c:/program files (x86)/gnu arm embedded toolchain/10 2021.10/bin/../lib/gcc/arm-none-eabi/10.3.1/../../../../arm-none-eabi/lib/thumb/v7e-m+fp/hard/crt0.o (memset)
c:/program files (x86)/gnu arm embedded toolchain/10 2021.10/bin/../lib/gcc/arm-none-eabi/10.3.1/../../../../arm-none-eabi/lib/thumb/v7e-m+fp/hard\libc_nano.a(lib_a-nano-callocr.o)
                              c:/program files (x86)/gnu arm embedded toolchain/10 2021.10/bin/../lib/gcc/arm-none-eabi/10.3.1/../../../../arm-none-eabi/lib/thumb/v7e-m+fp/hard\libc_nano.a(lib_a-calloc.o) (_calloc_r)
c:/program files (x86)/gnu arm embedded toolchain/10 2021.10/bin/../lib/gcc/arm-none-eabi/10.3.1/../../../../arm-none-eabi/lib/thumb/v7e-m+fp/hard\libc_nano.a(lib_a-nano-freer.o)
                              c:/program files (x86)/gnu arm embedded toolchain/10 2021.10/bin/../lib/gcc/arm-none-eabi/10.3.1/../../../../arm-none-eabi/lib/thumb/v7e-m+fp/hard\libc_nano.a(lib_a-fflush.o) (_free_r)
c:/program files (x86)/gnu arm embedded toolchain/10 2021.10/bin/../lib/gcc/arm-none-eabi/10.3.1/../../../../arm-none-eabi/lib/thumb/v7e-m+fp/hard\libc_nano.a(lib_a-nano-mallocr.o)
[...]
Memory Configuration

Name             Origin             Length             Attributes
RAM              0x20000000         0x00003000         xrw
CCMRAM           0x10000000         0x00001000         xrw
FLASH            0x08000000         0x00010000         xr
*default*        0x00000000         0xffffffff

Linker script and memory map

LOAD c:/program files (x86)/gnu arm embedded toolchain/10 2021.10/bin/../lib/gcc/arm-none-eabi/10.3.1/thumb/v7e-m+fp/hard/crti.o
LOAD c:/program files (x86)/gnu arm embedded toolchain/10 2021.10/bin/../lib/gcc/arm-none-eabi/10.3.1/thumb/v7e-m+fp/hard/crtbegin.o
LOAD c:/program files (x86)/gnu arm embedded toolchain/10 2021.10/bin/../lib/gcc/arm-none-eabi/10.3.1/../../../../arm-none-eabi/lib/thumb/v7e-m+fp/hard/crt0.o
LOAD build/main.o
LOAD build/gpio.o
LOAD build/freertos.o
LOAD build/can.o
LOAD build/flashROM.o
LOAD build/tim.o
LOAD build/stm32f3xx_it.o
LOAD build/stm32f3xx_hal_msp.o
LOAD build/stm32f3xx_hal_timebase_tim.o
LOAD build/stm32f3xx_hal_can.o
LOAD build/stm32f3xx_hal.o
LOAD build/stm32f3xx_hal_rcc.o
LOAD build/stm32f3xx_hal_rcc_ex.o
LOAD build/stm32f3xx_hal_gpio.o
LOAD build/stm32f3xx_hal_dma.o
LOAD build/stm32f3xx_hal_cortex.o
LOAD build/stm32f3xx_hal_pwr.o
LOAD build/stm32f3xx_hal_pwr_ex.o
LOAD build/stm32f3xx_hal_flash.o
LOAD build/stm32f3xx_hal_flash_ex.o
LOAD build/stm32f3xx_hal_i2c.o
LOAD build/stm32f3xx_hal_i2c_ex.o
LOAD build/stm32f3xx_hal_exti.o
LOAD build/stm32f3xx_hal_tim.o
LOAD build/stm32f3xx_hal_tim_ex.o
LOAD build/system_stm32f3xx.o
LOAD build/croutine.o
LOAD build/event_groups.o
LOAD build/list.o
LOAD build/queue.o
LOAD build/stream_buffer.o
LOAD build/tasks.o
LOAD build/timers.o
LOAD build/cmsis_os2.o
LOAD build/heap_4.o
LOAD build/port.o
LOAD build/hc_sr04.o
LOAD build/comment.o
LOAD build/CO_ODinterface.o
LOAD build/CO_NMT_Heartbeat.o
LOAD build/CO_HBconsumer.o
LOAD build/CO_Emergency.o
LOAD build/CO_SDOserver.o
LOAD build/CO_SDOclient.o
LOAD build/CO_TIME.o
LOAD build/CO_SYNC.o
LOAD build/CO_PDO.o
LOAD build/crc16-ccitt.o
LOAD build/CO_fifo.o
LOAD build/CO_LEDs.o
LOAD build/CO_GFC.o
LOAD build/CO_SRDO.o
LOAD build/CO_LSSslave.o
LOAD build/CO_LSSmaster.o
LOAD build/CO_gateway_ascii.o
LOAD build/CO_storage.o
LOAD build/CO_trace.o
LOAD build/CANopen.o
LOAD build/CO_app_STM32.o
LOAD build/CO_driver_STM32.o
LOAD build/OD.o
LOAD build/startup_stm32f303x8.o
LOAD c:/program files (x86)/gnu arm embedded toolchain/10 2021.10/bin/../lib/gcc/arm-none-eabi/10.3.1/../../../../arm-none-eabi/lib/thumb/v7e-m+fp/hard\libc_nano.a
LOAD c:/program files (x86)/gnu arm embedded toolchain/10 2021.10/bin/../lib/gcc/arm-none-eabi/10.3.1/../../../../arm-none-eabi/lib/thumb/v7e-m+fp/hard\libm.a
LOAD c:/program files (x86)/gnu arm embedded toolchain/10 2021.10/bin/../lib/gcc/arm-none-eabi/10.3.1/../../../../arm-none-eabi/lib/thumb/v7e-m+fp/hard\libnosys.a
START GROUP
LOAD c:/program files (x86)/gnu arm embedded toolchain/10 2021.10/bin/../lib/gcc/arm-none-eabi/10.3.1/thumb/v7e-m+fp/hard\libgcc.a
LOAD c:/program files (x86)/gnu arm embedded toolchain/10 2021.10/bin/../lib/gcc/arm-none-eabi/10.3.1/../../../../arm-none-eabi/lib/thumb/v7e-m+fp/hard\libc_nano.a
END GROUP
START GROUP
LOAD c:/program files (x86)/gnu arm embedded toolchain/10 2021.10/bin/../lib/gcc/arm-none-eabi/10.3.1/thumb/v7e-m+fp/hard\libgcc.a
LOAD c:/program files (x86)/gnu arm embedded toolchain/10 2021.10/bin/../lib/gcc/arm-none-eabi/10.3.1/../../../../arm-none-eabi/lib/thumb/v7e-m+fp/hard\libc_nano.a
END GROUP
LOAD c:/program files (x86)/gnu arm embedded toolchain/10 2021.10/bin/../lib/gcc/arm-none-eabi/10.3.1/thumb/v7e-m+fp/hard/crtend.o
LOAD c:/program files (x86)/gnu arm embedded toolchain/10 2021.10/bin/../lib/gcc/arm-none-eabi/10.3.1/thumb/v7e-m+fp/hard/crtn.o
                0x20003000                _estack = (ORIGIN (RAM) + LENGTH (RAM))
                0x00000200                _Min_Heap_Size = 0x200
                0x00000400                _Min_Stack_Size = 0x400

.isr_vector     0x08000000      0x188
                0x08000000                . = ALIGN (0x4)
 *(.isr_vector)
 .isr_vector    0x08000000      0x188 build/startup_stm32f303x8.o
                0x08000000                g_pfnVectors
                0x08000188                . = ALIGN (0x4)

.text           0x08000190     0x9c60
                0x08000190                . = ALIGN (0x4)
 *(.text)
 .text          0x08000190       0x40 c:/program files (x86)/gnu arm embedded toolchain/10 2021.10/bin/../lib/gcc/arm-none-eabi/10.3.1/thumb/v7e-m+fp/hard/crtbegin.o
 .text          0x080001d0       0x10 c:/program files (x86)/gnu arm embedded toolchain/10 2021.10/bin/../lib/gcc/arm-none-eabi/10.3.1/../../../../arm-none-eabi/lib/thumb/v7e-m+fp/hard\libc_nano.a(lib_a-strlen.o)
                0x080001d0                strlen
 .text          0x080001e0       0xa0 c:/program files (x86)/gnu arm embedded toolchain/10 2021.10/bin/../lib/gcc/arm-none-eabi/10.3.1/../../../../arm-none-eabi/lib/thumb/v7e-m+fp/hard\libc_nano.a(lib_a-memchr.o)
                0x080001e0                memchr
 .text          0x08000280      0x254 c:/program files (x86)/gnu arm embedded toolchain/10 2021.10/bin/../lib/gcc/arm-none-eabi/10.3.1/thumb/v7e-m+fp/hard\libgcc.a(_arm_muldf3.o)
                0x08000280                __muldf3
                0x08000280                __aeabi_dmul
 .text          0x080004d4      0x378 c:/program files (x86)/gnu arm embedded toolchain/10 2021.10/bin/../lib/gcc/arm-none-eabi/10.3.1/thumb/v7e-m+fp/hard\libgcc.a(_arm_addsubdf3.o)
                0x080004d4                __aeabi_drsub
                0x080004dc                __aeabi_dsub
                0x080004dc                __subdf3
                0x080004e0                __aeabi_dadd
                0x080004e0                __adddf3
                0x08000758                __floatunsidf
                0x08000758                __aeabi_ui2d
                0x08000778                __floatsidf
                0x08000778                __aeabi_i2d
                0x0800079c                __aeabi_f2d
                0x0800079c                __extendsfdf2
                0x080007e0                __floatundidf
                0x080007e0                __aeabi_ul2d
                0x080007f0                __floatdidf
                0x080007f0                __aeabi_l2d
 .text          0x0800084c       0x40 c:/program files (x86)/gnu arm embedded toolchain/10 2021.10/bin/../lib/gcc/arm-none-eabi/10.3.1/thumb/v7e-m+fp/hard\libgcc.a(_arm_fixunsdfsi.o)
                0x0800084c                __aeabi_d2uiz
                0x0800084c                __fixunsdfsi
 *(.text*)
 .text.get_NodeID
                0x0800088c        0xc build/main.o
                0x0800088c                get_NodeID
 .text.HAL_TIM_PeriodElapsedCallback
                0x08000898       0x2c build/main.o
                0x08000898                HAL_TIM_PeriodElapsedCallback
 .text.Error_Handler
                0x080008c4        0x4 build/main.o
                0x080008c4                Error_Handler
 .text.SystemClock_Config
                0x080008c8       0x60 build/main.o
                0x080008c8                SystemClock_Config
 .text.main     0x08000928       0x4c build/main.o
                0x08000928                main
 .text.MX_GPIO_Init
                0x08000974       0x84 build/gpio.o
                0x08000974                MX_GPIO_Init
 .text.StartReadDistance
                0x080009f8       0x64 build/freertos.o
                0x080009f8                StartReadDistance
 .text.StartUITask
                0x08000a5c       0x24 build/freertos.o
                0x08000a5c                StartUITask
 .text.canopen_task
                0x08000a80       0x3c build/freertos.o
                0x08000a80                canopen_task
 .text.MX_FREERTOS_Init
                0x08000abc       0x54 build/freertos.o
                0x08000abc                MX_FREERTOS_Init
 .text.MX_CAN_Init
                0x08000b10       0x48 build/can.o
                0x08000b10                MX_CAN_Init
 .text.HAL_CAN_MspInit
                0x08000b58       0xb4 build/can.o
                0x08000b58                HAL_CAN_MspInit
 .text.Flash_Read_Data
                0x08000c0c        0x6 build/flashROM.o
                0x08000c0c                Flash_Read_Data
 *fill*         0x08000c12        0x2 
 .text.MX_TIM2_Init
                0x08000c14       0xa4 build/tim.o
                0x08000c14                MX_TIM2_Init
 .text.MX_TIM3_Init
                0x08000cb8       0x78 build/tim.o
                0x08000cb8                MX_TIM3_Init
 .text.MX_TIM17_Init
                0x08000d30       0x34 build/tim.o
                0x08000d30                MX_TIM17_Init
 .text.HAL_TIM_Base_MspInit
                0x08000d64       0xc4 build/tim.o
                0x08000d64                HAL_TIM_Base_MspInit
 .text.NMI_Handler
                0x08000e28        0x2 build/stm32f3xx_it.o
                0x08000e28                NMI_Handler
 .text.HardFault_Handler
                0x08000e2a        0x2 build/stm32f3xx_it.o
                0x08000e2a                HardFault_Handler
 .text.MemManage_Handler
                0x08000e2c        0x2 build/stm32f3xx_it.o
                0x08000e2c                MemManage_Handler
 .text.BusFault_Handler
                0x08000e2e        0x2 build/stm32f3xx_it.o
                0x08000e2e                BusFault_Handler
 .text.UsageFault_Handler
                0x08000e30        0x2 build/stm32f3xx_it.o
                0x08000e30                UsageFault_Handler
 .text.DebugMon_Handler
                0x08000e32        0x2 build/stm32f3xx_it.o
                0x08000e32                DebugMon_Handler
 .text.CAN_TX_IRQHandler
                0x08000e34       0x10 build/stm32f3xx_it.o
                0x08000e34                CAN_TX_IRQHandler
 .text.CAN_RX0_IRQHandler
                0x08000e44       0x10 build/stm32f3xx_it.o
                0x08000e44                CAN_RX0_IRQHandler
 .text.CAN_RX1_IRQHandler
                0x08000e54       0x10 build/stm32f3xx_it.o
                0x08000e54                CAN_RX1_IRQHandler
 .text.TIM1_UP_TIM16_IRQHandler
                0x08000e64       0x10 build/stm32f3xx_it.o
                0x08000e64                TIM1_UP_TIM16_IRQHandler
 .text.TIM1_TRG_COM_TIM17_IRQHandler
                0x08000e74       0x10 build/stm32f3xx_it.o
                0x08000e74                TIM1_TRG_COM_TIM17_IRQHandler
 .text.TIM2_IRQHandler
                0x08000e84       0x10 build/stm32f3xx_it.o
                0x08000e84                TIM2_IRQHandler
 .text.HAL_MspInit
                0x08000e94       0x40 build/stm32f3xx_hal_msp.o
                0x08000e94                HAL_MspInit
 .text.TimeBase_TIM_PeriodElapsedCallback
                0x08000ed4        0x8 build/stm32f3xx_hal_timebase_tim.o
                0x08000ed4                TimeBase_TIM_PeriodElapsedCallback
 .text.HAL_InitTick
                0x08000edc       0xa4 build/stm32f3xx_hal_timebase_tim.o
                0x08000edc                HAL_InitTick
 .text.HAL_CAN_TxMailbox0AbortCallback
                0x08000f80        0x2 build/stm32f3xx_hal_can.o
                0x08000f80                HAL_CAN_TxMailbox0AbortCallback
 .text.HAL_CAN_TxMailbox1AbortCallback
                0x08000f82        0x2 build/stm32f3xx_hal_can.o
                0x08000f82                HAL_CAN_TxMailbox1AbortCallback
 .text.HAL_CAN_TxMailbox2AbortCallback
                0x08000f84        0x2 build/stm32f3xx_hal_can.o
                0x08000f84                HAL_CAN_TxMailbox2AbortCallback
 .text.HAL_CAN_RxFifo0FullCallback
                0x08000f86        0x2 build/stm32f3xx_hal_can.o
                0x08000f86                HAL_CAN_RxFifo0FullCallback
 .text.HAL_CAN_RxFifo1FullCallback
                0x08000f88        0x2 build/stm32f3xx_hal_can.o
                0x08000f88                HAL_CAN_RxFifo1FullCallback
 .text.HAL_CAN_SleepCallback
                0x08000f8a        0x2 build/stm32f3xx_hal_can.o
                0x08000f8a                HAL_CAN_SleepCallback
 .text.HAL_CAN_WakeUpFromRxMsgCallback
                0x08000f8c        0x2 build/stm32f3xx_hal_can.o
                0x08000f8c                HAL_CAN_WakeUpFromRxMsgCallback
 .text.HAL_CAN_ErrorCallback
                0x08000f8e        0x2 build/stm32f3xx_hal_can.o
                0x08000f8e                HAL_CAN_ErrorCallback
 .text.HAL_CAN_Init
                0x08000f90      0x1c4 build/stm32f3xx_hal_can.o
                0x08000f90                HAL_CAN_Init
 .text.HAL_CAN_ConfigFilter
                0x08001154      0x106 build/stm32f3xx_hal_can.o
                0x08001154                HAL_CAN_ConfigFilter
 .text.HAL_CAN_Start
                0x0800125a       0x5c build/stm32f3xx_hal_can.o
                0x0800125a                HAL_CAN_Start
 .text.HAL_CAN_Stop
                0x080012b6       0x62 build/stm32f3xx_hal_can.o
                0x080012b6                HAL_CAN_Stop
 .text.HAL_CAN_AddTxMessage
                0x08001318       0xea build/stm32f3xx_hal_can.o
                0x08001318                HAL_CAN_AddTxMessage
 .text.HAL_CAN_GetTxMailboxesFreeLevel
                0x08001402       0x32 build/stm32f3xx_hal_can.o
                0x08001402                HAL_CAN_GetTxMailboxesFreeLevel
 .text.HAL_CAN_GetRxMessage
                0x08001434      0x16a build/stm32f3xx_hal_can.o
                0x08001434                HAL_CAN_GetRxMessage
 .text.HAL_CAN_ActivateNotification
                0x0800159e       0x24 build/stm32f3xx_hal_can.o
                0x0800159e                HAL_CAN_ActivateNotification
 .text.HAL_CAN_IRQHandler
                0x080015c2      0x23a build/stm32f3xx_hal_can.o
                0x080015c2                HAL_CAN_IRQHandler
 .text.HAL_Init
                0x080017fc       0x24 build/stm32f3xx_hal.o
                0x080017fc                HAL_Init
 .text.HAL_IncTick
                0x08001820       0x18 build/stm32f3xx_hal.o
                0x08001820                HAL_IncTick
 .text.HAL_GetTick
                0x08001838        0xc build/stm32f3xx_hal.o
                0x08001838                HAL_GetTick
 .text.HAL_RCC_OscConfig
                0x08001844      0x634 build/stm32f3xx_hal_rcc.o
                0x08001844                HAL_RCC_OscConfig
 .text.HAL_RCC_GetSysClockFreq
                0x08001e78       0x70 build/stm32f3xx_hal_rcc.o
                0x08001e78                HAL_RCC_GetSysClockFreq
 .text.HAL_RCC_ClockConfig
                0x08001ee8      0x1a8 build/stm32f3xx_hal_rcc.o
                0x08001ee8                HAL_RCC_ClockConfig
 .text.HAL_RCC_GetHCLKFreq
                0x08002090        0xc build/stm32f3xx_hal_rcc.o
                0x08002090                HAL_RCC_GetHCLKFreq
 .text.HAL_RCC_GetPCLK2Freq
                0x0800209c       0x2c build/stm32f3xx_hal_rcc.o
                0x0800209c                HAL_RCC_GetPCLK2Freq
 .text.HAL_RCC_GetClockConfig
                0x080020c8       0x3c build/stm32f3xx_hal_rcc.o
                0x080020c8                HAL_RCC_GetClockConfig
 .text.HAL_GPIO_Init
                0x08002104      0x1bc build/stm32f3xx_hal_gpio.o
                0x08002104                HAL_GPIO_Init
 .text.HAL_GPIO_WritePin
                0x080022c0        0xa build/stm32f3xx_hal_gpio.o
                0x080022c0                HAL_GPIO_WritePin
 .text.HAL_GPIO_TogglePin
                0x080022ca       0x12 build/stm32f3xx_hal_gpio.o
                0x080022ca                HAL_GPIO_TogglePin
 .text.HAL_NVIC_SetPriorityGrouping
                0x080022dc       0x24 build/stm32f3xx_hal_cortex.o
                0x080022dc                HAL_NVIC_SetPriorityGrouping
 .text.HAL_NVIC_SetPriority
                0x08002300       0x70 build/stm32f3xx_hal_cortex.o
                0x08002300                HAL_NVIC_SetPriority
 .text.HAL_NVIC_EnableIRQ
                0x08002370       0x1c build/stm32f3xx_hal_cortex.o
                0x08002370                HAL_NVIC_EnableIRQ
 .text.HAL_NVIC_SystemReset
                0x0800238c       0x24 build/stm32f3xx_hal_cortex.o
                0x0800238c                HAL_NVIC_SystemReset
 .text.HAL_FLASH_Lock
                0x080023b0       0x14 build/stm32f3xx_hal_flash.o
                0x080023b0                HAL_FLASH_Lock
 .text.HAL_TIM_IC_MspInit
                0x080023c4        0x2 build/stm32f3xx_hal_tim.o
                0x080023c4                HAL_TIM_IC_MspInit
 .text.HAL_TIM_PeriodElapsedHalfCpltCallback
                0x080023c6        0x2 build/stm32f3xx_hal_tim.o
                0x080023c6                HAL_TIM_PeriodElapsedHalfCpltCallback
 .text.HAL_TIM_OC_DelayElapsedCallback
                0x080023c8        0x2 build/stm32f3xx_hal_tim.o
                0x080023c8                HAL_TIM_OC_DelayElapsedCallback
 .text.HAL_TIM_IC_CaptureHalfCpltCallback
                0x080023ca        0x2 build/stm32f3xx_hal_tim.o
                0x080023ca                HAL_TIM_IC_CaptureHalfCpltCallback
 .text.HAL_TIM_PWM_PulseFinishedCallback
                0x080023cc        0x2 build/stm32f3xx_hal_tim.o
                0x080023cc                HAL_TIM_PWM_PulseFinishedCallback
 .text.HAL_TIM_PWM_PulseFinishedHalfCpltCallback
                0x080023ce        0x2 build/stm32f3xx_hal_tim.o
                0x080023ce                HAL_TIM_PWM_PulseFinishedHalfCpltCallback
 .text.HAL_TIM_TriggerCallback
                0x080023d0        0x2 build/stm32f3xx_hal_tim.o
                0x080023d0                HAL_TIM_TriggerCallback
 .text.HAL_TIM_TriggerHalfCpltCallback
                0x080023d2        0x2 build/stm32f3xx_hal_tim.o
                0x080023d2                HAL_TIM_TriggerHalfCpltCallback
 .text.HAL_TIM_ErrorCallback
                0x080023d4        0x2 build/stm32f3xx_hal_tim.o
                0x080023d4                HAL_TIM_ErrorCallback
 .text.TIM_TI1_ConfigInputStage
                0x080023d6       0x26 build/stm32f3xx_hal_tim.o
 .text.TIM_TI2_SetConfig
                0x080023fc       0x36 build/stm32f3xx_hal_tim.o
 .text.TIM_TI2_ConfigInputStage
                0x08002432       0x28 build/stm32f3xx_hal_tim.o
 .text.TIM_TI3_SetConfig
                0x0800245a       0x36 build/stm32f3xx_hal_tim.o
 .text.TIM_TI4_SetConfig
                0x08002490       0x36 build/stm32f3xx_hal_tim.o
 .text.TIM_ITRx_SetConfig
                0x080024c6       0x10 build/stm32f3xx_hal_tim.o
 *fill*         0x080024d6        0x2 
 .text.HAL_TIM_Base_Start
                0x080024d8       0x6c build/stm32f3xx_hal_tim.o
                0x080024d8                HAL_TIM_Base_Start
 .text.HAL_TIM_Base_Start_IT
                0x08002544       0x74 build/stm32f3xx_hal_tim.o
                0x08002544                HAL_TIM_Base_Start_IT
 .text.HAL_TIM_IRQHandler
                0x080025b8      0x1b8 build/stm32f3xx_hal_tim.o
                0x080025b8                HAL_TIM_IRQHandler
 .text.HAL_TIM_ReadCapturedValue
                0x08002770       0x32 build/stm32f3xx_hal_tim.o
                0x08002770                HAL_TIM_ReadCapturedValue
 .text.HAL_TIM_RegisterCallback
                0x080027a2      0x1a6 build/stm32f3xx_hal_tim.o
                0x080027a2                HAL_TIM_RegisterCallback
 .text.TIM_Base_SetConfig
                0x08002948       0x90 build/stm32f3xx_hal_tim.o
                0x08002948                TIM_Base_SetConfig
 .text.TIM_TI1_SetConfig
                0x080029d8       0x58 build/stm32f3xx_hal_tim.o
                0x080029d8                TIM_TI1_SetConfig
 .text.HAL_TIM_IC_ConfigChannel
                0x08002a30       0xc4 build/stm32f3xx_hal_tim.o
                0x08002a30                HAL_TIM_IC_ConfigChannel
 .text.TIM_ETR_SetConfig
                0x08002af4       0x1a build/stm32f3xx_hal_tim.o
                0x08002af4                TIM_ETR_SetConfig
 *fill*         0x08002b0e        0x2 
 .text.HAL_TIM_ConfigClockSource
                0x08002b10      0x100 build/stm32f3xx_hal_tim.o
                0x08002b10                HAL_TIM_ConfigClockSource
 .text.TIM_CCxChannelCmd
                0x08002c10       0x1e build/stm32f3xx_hal_tim.o
                0x08002c10                TIM_CCxChannelCmd
 *fill*         0x08002c2e        0x2 
 .text.HAL_TIM_IC_Start_IT
                0x08002c30      0x198 build/stm32f3xx_hal_tim.o
                0x08002c30                HAL_TIM_IC_Start_IT
 .text.TIM_ResetCallback
                0x08002dc8       0x90 build/stm32f3xx_hal_tim.o
                0x08002dc8                TIM_ResetCallback
 .text.HAL_TIM_Base_Init
                0x08002e58       0x74 build/stm32f3xx_hal_tim.o
                0x08002e58                HAL_TIM_Base_Init
 .text.HAL_TIM_IC_Init
                0x08002ecc       0x74 build/stm32f3xx_hal_tim.o
                0x08002ecc                HAL_TIM_IC_Init
 .text.HAL_TIMEx_MasterConfigSynchronization
                0x08002f40       0x78 build/stm32f3xx_hal_tim_ex.o
                0x08002f40                HAL_TIMEx_MasterConfigSynchronization
 .text.HAL_TIMEx_CommutCallback
                0x08002fb8        0x2 build/stm32f3xx_hal_tim_ex.o
                0x08002fb8                HAL_TIMEx_CommutCallback
 .text.HAL_TIMEx_CommutHalfCpltCallback
                0x08002fba        0x2 build/stm32f3xx_hal_tim_ex.o
                0x08002fba                HAL_TIMEx_CommutHalfCpltCallback
 .text.HAL_TIMEx_BreakCallback
                0x08002fbc        0x2 build/stm32f3xx_hal_tim_ex.o
                0x08002fbc                HAL_TIMEx_BreakCallback
 .text.HAL_TIMEx_Break2Callback
                0x08002fbe        0x2 build/stm32f3xx_hal_tim_ex.o
                0x08002fbe                HAL_TIMEx_Break2Callback
 .text.SystemInit
                0x08002fc0       0x14 build/system_stm32f3xx.o
                0x08002fc0                SystemInit
 .text.vListInitialise
                0x08002fd4       0x16 build/list.o
                0x08002fd4                vListInitialise
 .text.vListInitialiseItem
                0x08002fea        0x6 build/list.o
                0x08002fea                vListInitialiseItem
 .text.vListInsertEnd
                0x08002ff0       0x16 build/list.o
                0x08002ff0                vListInsertEnd
 .text.vListInsert
                0x08003006       0x32 build/list.o
                0x08003006                vListInsert
 .text.uxListRemove
                0x08003038       0x26 build/list.o
                0x08003038                uxListRemove
 .text.prvIsQueueFull
                0x0800305e       0x1e build/queue.o
 .text.prvIsQueueEmpty
                0x0800307c       0x1a build/queue.o
 .text.prvCopyDataToQueue
                0x08003096       0x76 build/queue.o
 .text.prvCopyDataFromQueue
                0x0800310c       0x24 build/queue.o
 .text.prvUnlockQueue
                0x08003130       0x6e build/queue.o
 .text.xQueueGenericReset
                0x0800319e       0x84 build/queue.o
                0x0800319e                xQueueGenericReset
 .text.prvInitialiseNewQueue
                0x08003222       0x22 build/queue.o
 .text.xQueueGenericCreateStatic
                0x08003244       0x92 build/queue.o
                0x08003244                xQueueGenericCreateStatic
 .text.xQueueGenericSend
                0x080032d6      0x188 build/queue.o
                0x080032d6                xQueueGenericSend
 .text.xQueueGenericSendFromISR
                0x0800345e       0xcc build/queue.o
                0x0800345e                xQueueGenericSendFromISR
 .text.xQueueReceive
                0x0800352a      0x15e build/queue.o
                0x0800352a                xQueueReceive
 .text.vQueueAddToRegistry
                0x08003688       0x28 build/queue.o
                0x08003688                vQueueAddToRegistry
 .text.vQueueWaitForMessageRestricted
                0x080036b0       0x52 build/queue.o
                0x080036b0                vQueueWaitForMessageRestricted
 *fill*         0x08003702        0x2 
 .text.prvResetNextTaskUnblockTime
                0x08003704       0x2c build/tasks.o
 .text.prvInitialiseNewTask
                0x08003730       0x9c build/tasks.o
 .text.prvInitialiseTaskLists
                0x080037cc       0x68 build/tasks.o
 .text.prvAddNewTaskToReadyList
                0x08003834       0xac build/tasks.o
 .text.prvDeleteTCB
                0x080038e0       0x38 build/tasks.o
 .text.prvCheckTasksWaitingTermination
                0x08003918       0x4c build/tasks.o
 .text.prvIdleTask
                0x08003964       0x28 build/tasks.o
 .text.prvAddCurrentTaskToDelayedList
                0x0800398c       0x7c build/tasks.o
 .text.xTaskCreateStatic
                0x08003a08       0x74 build/tasks.o
                0x08003a08                xTaskCreateStatic
 .text.xTaskCreate
                0x08003a7c       0x68 build/tasks.o
                0x08003a7c                xTaskCreate
 .text.vTaskStartScheduler
                0x08003ae4       0x9c build/tasks.o
                0x08003ae4                vTaskStartScheduler
 .text.vTaskSuspendAll
                0x08003b80       0x10 build/tasks.o
                0x08003b80                vTaskSuspendAll
 .text.xTaskGetTickCount
                0x08003b90        0xc build/tasks.o
                0x08003b90                xTaskGetTickCount
 .text.xTaskIncrementTick
                0x08003b9c      0x118 build/tasks.o
                0x08003b9c                xTaskIncrementTick
 .text.xTaskResumeAll
                0x08003cb4       0xf8 build/tasks.o
                0x08003cb4                xTaskResumeAll
 .text.vTaskDelay
                0x08003dac       0x4c build/tasks.o
                0x08003dac                vTaskDelay
 .text.vTaskSwitchContext
                0x08003df8       0x94 build/tasks.o
                0x08003df8                vTaskSwitchContext
 .text.vTaskPlaceOnEventList
                0x08003e8c       0x30 build/tasks.o
                0x08003e8c                vTaskPlaceOnEventList
 .text.vTaskPlaceOnEventListRestricted
                0x08003ebc       0x38 build/tasks.o
                0x08003ebc                vTaskPlaceOnEventListRestricted
 .text.xTaskRemoveFromEventList
                0x08003ef4       0x8c build/tasks.o
                0x08003ef4                xTaskRemoveFromEventList
 .text.vTaskInternalSetTimeOutState
                0x08003f80       0x18 build/tasks.o
                0x08003f80                vTaskInternalSetTimeOutState
 .text.xTaskCheckForTimeOut
                0x08003f98       0x84 build/tasks.o
                0x08003f98                xTaskCheckForTimeOut
 .text.vTaskMissedYield
                0x0800401c        0xc build/tasks.o
                0x0800401c                vTaskMissedYield
 .text.xTaskGetSchedulerState
                0x08004028       0x20 build/tasks.o
                0x08004028                xTaskGetSchedulerState
 .text.xTaskPriorityDisinherit
                0x08004048       0x90 build/tasks.o
                0x08004048                xTaskPriorityDisinherit
 .text.prvGetNextExpireTime
                0x080040d8       0x20 build/timers.o
 .text.prvInsertTimerInActiveList
                0x080040f8       0x48 build/timers.o
 .text.prvCheckForValidListAndQueue
                0x08004140       0x70 build/timers.o
 .text.xTimerCreateTimerTask
                0x080041b0       0x64 build/timers.o
                0x080041b0                xTimerCreateTimerTask
 .text.xTimerGenericCommand
                0x08004214       0x6c build/timers.o
                0x08004214                xTimerGenericCommand
 .text.prvSwitchTimerLists
                0x08004280       0x78 build/timers.o
 .text.prvSampleTimeNow
                0x080042f8       0x2c build/timers.o
 .text.prvProcessExpiredTimer
                0x08004324       0x60 build/timers.o
 .text.prvProcessTimerOrBlockTask
                0x08004384       0x74 build/timers.o
 .text.prvProcessReceivedCommands
                0x080043f8       0xf8 build/timers.o
 .text.prvTimerTask
                0x080044f0       0x16 build/timers.o
 *fill*         0x08004506        0x2 
 .text.osKernelInitialize
                0x08004508       0x44 build/cmsis_os2.o
                0x08004508                osKernelInitialize
 .text.osKernelStart
                0x0800454c       0x4c build/cmsis_os2.o
                0x0800454c                osKernelStart
 .text.osThreadNew
                0x08004598       0xec build/cmsis_os2.o
                0x08004598                osThreadNew
 .text.osDelay  0x08004684       0x44 build/cmsis_os2.o
                0x08004684                osDelay
 .text.vApplicationGetIdleTaskMemory
                0x080046c8       0x18 build/cmsis_os2.o
                0x080046c8                vApplicationGetIdleTaskMemory
 .text.vApplicationGetTimerTaskMemory
                0x080046e0       0x18 build/cmsis_os2.o
                0x080046e0                vApplicationGetTimerTaskMemory
 .text.prvHeapInit
                0x080046f8       0x64 build/heap_4.o
 .text.prvInsertBlockIntoFreeList
                0x0800475c       0x64 build/heap_4.o
 .text.pvPortMalloc
                0x080047c0       0xf0 build/heap_4.o
                0x080047c0                pvPortMalloc
 .text.vPortFree
                0x080048b0       0x70 build/heap_4.o
                0x080048b0                vPortFree
 .text.prvTaskExitError
                0x08004920       0x40 build/port.o
 .text.prvPortStartFirstTask
                0x08004960       0x28 build/port.o
 .text.vPortEnableVFP
                0x08004988       0x14 build/port.o
 .text.pxPortInitialiseStack
                0x0800499c       0x2c build/port.o
                0x0800499c                pxPortInitialiseStack
 *fill*         0x080049c8        0x8 
 .text.SVC_Handler
                0x080049d0       0x24 build/port.o
                0x080049d0                SVC_Handler
 .text.vPortEnterCritical
                0x080049f4       0x44 build/port.o
                0x080049f4                vPortEnterCritical
 .text.vPortExitCritical
                0x08004a38       0x2c build/port.o
                0x08004a38                vPortExitCritical
 *fill*         0x08004a64        0xc 
 .text.PendSV_Handler
                0x08004a70       0x64 build/port.o
                0x08004a70                PendSV_Handler
 .text.SysTick_Handler
                0x08004ad4       0x2c build/port.o
                0x08004ad4                SysTick_Handler
 .text.vPortSetupTimerInterrupt
                0x08004b00       0x28 build/port.o
                0x08004b00                vPortSetupTimerInterrupt
 .text.xPortStartScheduler
                0x08004b28      0x118 build/port.o
                0x08004b28                xPortStartScheduler
 .text.vPortValidateInterruptPriority
                0x08004c40       0x5c build/port.o
                0x08004c40                vPortValidateInterruptPriority
 .text.HCSR04_Init
                0x08004c9c       0x14 build/hc_sr04.o
                0x08004c9c                HCSR04_Init
 .text.HCSR04_Read
                0x08004cb0       0x30 build/hc_sr04.o
                0x08004cb0                HCSR04_Read
 .text.HAL_TIM_IC_CaptureCallback
                0x08004ce0       0xa0 build/hc_sr04.o
                0x08004ce0                HAL_TIM_IC_CaptureCallback
 .text.HCSR04_Get_Distance
                0x08004d80       0x1c build/hc_sr04.o
                0x08004d80                HCSR04_Get_Distance
 .text.delay_us
                0x08004d9c       0x14 build/comment.o
                0x08004d9c                delay_us
 .text.OD_readDisabled
                0x08004db0        0x4 build/CO_ODinterface.o
 .text.OD_writeDisabled
                0x08004db4        0x4 build/CO_ODinterface.o
 .text.OD_readOriginal
                0x08004db8       0x5e build/CO_ODinterface.o
                0x08004db8                OD_readOriginal
 .text.OD_writeOriginal
                0x08004e16       0x62 build/CO_ODinterface.o
                0x08004e16                OD_writeOriginal
 .text.OD_find  0x08004e78       0x66 build/CO_ODinterface.o
                0x08004e78                OD_find
 *fill*         0x08004ede        0x2 
 .text.OD_getSub
                0x08004ee0      0x104 build/CO_ODinterface.o
                0x08004ee0                OD_getSub
 .text.OD_getSDOabCode
                0x08004fe4       0x1c build/CO_ODinterface.o
                0x08004fe4                OD_getSDOabCode
 .text.OD_get_value
                0x08005000       0x36 build/CO_ODinterface.o
                0x08005000                OD_get_value
 .text.OD_set_value
                0x08005036       0x30 build/CO_ODinterface.o
                0x08005036                OD_set_value
 .text.OD_getPtr
                0x08005066       0x3c build/CO_ODinterface.o
                0x08005066                OD_getPtr
 .text.CO_NMT_receive
                0x080050a2       0x1c build/CO_NMT_Heartbeat.o
 .text.OD_write_1017
                0x080050be       0x42 build/CO_NMT_Heartbeat.o
 .text.CO_NMT_init
                0x08005100      0x114 build/CO_NMT_Heartbeat.o
                0x08005100                CO_NMT_init
 .text.CO_NMT_process
                0x08005214      0x11c build/CO_NMT_Heartbeat.o
                0x08005214                CO_NMT_process
 .text.CO_HBcons_receive
                0x08005330       0x14 build/CO_HBconsumer.o
 .text.CO_HBconsumer_initEntry
                0x08005344       0xd0 build/CO_HBconsumer.o
 .text.OD_write_1016
                0x08005414       0x5c build/CO_HBconsumer.o
 .text.CO_HBconsumer_init
                0x08005470       0xf0 build/CO_HBconsumer.o
                0x08005470                CO_HBconsumer_init
 .text.CO_HBconsumer_process
                0x08005560      0x130 build/CO_HBconsumer.o
                0x08005560                CO_HBconsumer_process
 .text.OD_read_1014_default
                0x08005690       0x4a build/CO_Emergency.o
 .text.OD_read_1003
                0x080056da       0x84 build/CO_Emergency.o
 .text.OD_write_1003
                0x0800575e       0x3a build/CO_Emergency.o
 .text.CO_EM_init
                0x08005798      0x150 build/CO_Emergency.o
                0x08005798                CO_EM_init
 .text.CO_error
                0x080058e8       0xc2 build/CO_Emergency.o
                0x080058e8                CO_error
 .text.CO_EM_process
                0x080059aa      0x186 build/CO_Emergency.o
                0x080059aa                CO_EM_process
 .text.CO_SDOserver_init_canRxTx
                0x08005b30       0x90 build/CO_SDOserver.o
 .text.OD_write_1201_additional
                0x08005bc0      0x1b0 build/CO_SDOserver.o
 .text.CO_SDO_receive
                0x08005d70       0x2e build/CO_SDOserver.o
 *fill*         0x08005d9e        0x2 
 .text.validateAndWriteToOD
                0x08005da0      0x144 build/CO_SDOserver.o
 .text.readFromOd
                0x08005ee4      0x114 build/CO_SDOserver.o
 .text.CO_SDOserver_init
                0x08005ff8      0x19c build/CO_SDOserver.o
                0x08005ff8                CO_SDOserver_init
 .text.CO_SDOserver_process
                0x08006194      0x620 build/CO_SDOserver.o
                0x08006194                CO_SDOserver_process
 .text.CO_TIME_receive
                0x080067b4       0x1a build/CO_TIME.o
 *fill*         0x080067ce        0x2 
 .text.OD_write_1012
                0x080067d0       0xa8 build/CO_TIME.o
 .text.CO_TIME_init
                0x08006878       0xa0 build/CO_TIME.o
                0x08006878                CO_TIME_init
 .text.CO_TIME_process
                0x08006918       0x6c build/CO_TIME.o
                0x08006918                CO_TIME_process
 .text.CO_SYNC_receive
                0x08006984       0x30 build/CO_SYNC.o
 .text.OD_write_1019
                0x080069b4       0x9e build/CO_SYNC.o
 *fill*         0x08006a52        0x2 
 .text.OD_write_1005
                0x08006a54      0x14c build/CO_SYNC.o
 .text.CO_SYNC_init
                0x08006ba0      0x1d0 build/CO_SYNC.o
                0x08006ba0                CO_SYNC_init
 .text.CO_SYNC_process
                0x08006d70      0x104 build/CO_SYNC.o
                0x08006d70                CO_SYNC_process
 .text.OD_write_dummy
                0x08006e74        0x8 build/CO_PDO.o
 .text.OD_read_dummy
                0x08006e7c       0x30 build/CO_PDO.o
 .text.OD_read_PDO_commParam
                0x08006eac       0x46 build/CO_PDO.o
 *fill*         0x08006ef2        0x2 
 .text.PDOconfigMap
                0x08006ef4      0x128 build/CO_PDO.o
 .text.OD_write_PDO_mapping
                0x0800701c       0xbc build/CO_PDO.o
 .text.PDO_initMapping
                0x080070d8      0x118 build/CO_PDO.o
 .text.OD_write_18xx
                0x080071f0      0x1fc build/CO_PDO.o
 .text.CO_TPDOsend
                0x080073ec       0xd2 build/CO_PDO.o
 *fill*         0x080074be        0x2 
 .text.CO_TPDO_init
                0x080074c0      0x280 build/CO_PDO.o
                0x080074c0                CO_TPDO_init
 .text.CO_TPDO_process
                0x08007740      0x124 build/CO_PDO.o
                0x08007740                CO_TPDO_process
 .text.CO_LEDs_init
                0x08007864       0x14 build/CO_LEDs.o
                0x08007864                CO_LEDs_init
 .text.CO_LEDs_process
                0x08007878      0x1b8 build/CO_LEDs.o
                0x08007878                CO_LEDs_process
 .text.CO_LSSslave_receive
                0x08007a30      0x160 build/CO_LSSslave.o
 .text.CO_LSSslave_init
                0x08007b90       0xd0 build/CO_LSSslave.o
                0x08007b90                CO_LSSslave_init
 .text.CO_LSSslave_process
                0x08007c60      0x1c8 build/CO_LSSslave.o
                0x08007c60                CO_LSSslave_process
 .text.CO_delete
                0x08007e28       0x72 build/CANopen.o
                0x08007e28                CO_delete
 .text.CO_new   0x08007e9a      0x13a build/CANopen.o
                0x08007e9a                CO_new
 .text.CO_CANinit
                0x08007fd4       0x38 build/CANopen.o
                0x08007fd4                CO_CANinit
 .text.CO_LSSinit
                0x0800800c       0x3c build/CANopen.o
                0x0800800c                CO_LSSinit
 .text.CO_CANopenInit
                0x08008048      0x1a0 build/CANopen.o
                0x08008048                CO_CANopenInit
 .text.CO_CANopenInitPDO
                0x080081e8       0xb0 build/CANopen.o
                0x080081e8                CO_CANopenInitPDO
 .text.CO_process
                0x08008298      0x18a build/CANopen.o
                0x08008298                CO_process
 .text.CO_process_SYNC
                0x08008422       0x4c build/CANopen.o
                0x08008422                CO_process_SYNC
 .text.CO_process_RPDO
                0x0800846e        0x2 build/CANopen.o
                0x0800846e                CO_process_RPDO
 .text.CO_process_TPDO
                0x08008470       0x56 build/CANopen.o
                0x08008470                CO_process_TPDO
 *fill*         0x080084c6        0x2 
 .text.canopen_app_resetCommunication
                0x080084c8      0x1a0 build/CO_app_STM32.o
                0x080084c8                canopen_app_resetCommunication
 .text.canopen_app_init
                0x08008668       0x50 build/CO_app_STM32.o
                0x08008668                canopen_app_init
 .text.canopen_app_process
                0x080086b8       0x88 build/CO_app_STM32.o
                0x080086b8                canopen_app_process
 .text.canopen_app_interrupt
                0x08008740       0x5c build/CO_app_STM32.o
                0x08008740                canopen_app_interrupt
 .text.prv_send_can_message
                0x0800879c       0x50 build/CO_driver_STM32.o
 .text.prv_read_can_received_msg
                0x080087ec       0x78 build/CO_driver_STM32.o
 .text.CO_CANsetConfigurationMode
                0x08008864        0xe build/CO_driver_STM32.o
                0x08008864                CO_CANsetConfigurationMode
 .text.CO_CANsetNormalMode
                0x08008872       0x18 build/CO_driver_STM32.o
                0x08008872                CO_CANsetNormalMode
 *fill*         0x0800888a        0x2 
 .text.CO_CANmodule_init
                0x0800888c       0xd8 build/CO_driver_STM32.o
                0x0800888c                CO_CANmodule_init
 .text.CO_CANmodule_disable
                0x08008964       0x12 build/CO_driver_STM32.o
                0x08008964                CO_CANmodule_disable
 *fill*         0x08008976        0x2 
 .text.CO_CANrxBufferInit
                0x08008978       0x74 build/CO_driver_STM32.o
                0x08008978                CO_CANrxBufferInit
 .text.CO_CANtxBufferInit
                0x080089ec       0x46 build/CO_driver_STM32.o
                0x080089ec                CO_CANtxBufferInit
 .text.CO_CANsend
                0x08008a32       0x54 build/CO_driver_STM32.o
                0x08008a32                CO_CANsend
 .text.CO_CANclearPendingSyncPDOs
                0x08008a86       0x62 build/CO_driver_STM32.o
                0x08008a86                CO_CANclearPendingSyncPDOs
 .text.CO_CANmodule_process
                0x08008ae8       0x4c build/CO_driver_STM32.o
                0x08008ae8                CO_CANmodule_process
 .text.HAL_CAN_RxFifo0MsgPendingCallback
                0x08008b34        0xc build/CO_driver_STM32.o
                0x08008b34                HAL_CAN_RxFifo0MsgPendingCallback
 .text.HAL_CAN_RxFifo1MsgPendingCallback
                0x08008b40        0xc build/CO_driver_STM32.o
                0x08008b40                HAL_CAN_RxFifo1MsgPendingCallback
 .text.CO_CANinterrupt_TX
                0x08008b4c       0x5a build/CO_driver_STM32.o
                0x08008b4c                CO_CANinterrupt_TX
 *fill*         0x08008ba6        0x2 
 .text.HAL_CAN_TxMailbox0CompleteCallback
                0x08008ba8       0x14 build/CO_driver_STM32.o
                0x08008ba8                HAL_CAN_TxMailbox0CompleteCallback
 .text.HAL_CAN_TxMailbox1CompleteCallback
                0x08008bbc       0x14 build/CO_driver_STM32.o
                0x08008bbc                HAL_CAN_TxMailbox1CompleteCallback
 .text.HAL_CAN_TxMailbox2CompleteCallback
                0x08008bd0       0x14 build/CO_driver_STM32.o
                0x08008bd0                HAL_CAN_TxMailbox2CompleteCallback
 .text.Reset_Handler
                0x08008be4       0x50 build/startup_stm32f303x8.o
                0x08008be4                Reset_Handler
 .text.Default_Handler
                0x08008c34        0x2 build/startup_stm32f303x8.o
                0x08008c34                RTC_Alarm_IRQHandler
                0x08008c34                TIM1_CC_IRQHandler
                0x08008c34                PVD_IRQHandler
                0x08008c34                TAMP_STAMP_IRQHandler
                0x08008c34                EXTI3_IRQHandler
                0x08008c34                EXTI0_IRQHandler
                0x08008c34                FPU_IRQHandler
                0x08008c34                ADC1_2_IRQHandler
                0x08008c34                SPI1_IRQHandler
                0x08008c34                CAN_SCE_IRQHandler
                0x08008c34                DMA1_Channel4_IRQHandler
                0x08008c34                USART3_IRQHandler
                0x08008c34                DMA1_Channel7_IRQHandler
                0x08008c34                TIM7_DAC2_IRQHandler
                0x08008c34                I2C1_EV_IRQHandler
                0x08008c34                DMA1_Channel6_IRQHandler
                0x08008c34                TIM3_IRQHandler
                0x08008c34                RCC_IRQHandler
                0x08008c34                DMA1_Channel1_IRQHandler
                0x08008c34                Default_Handler
                0x08008c34                EXTI15_10_IRQHandler
                0x08008c34                COMP2_IRQHandler
                0x08008c34                TIM6_DAC1_IRQHandler
                0x08008c34                EXTI9_5_IRQHandler
                0x08008c34                RTC_WKUP_IRQHandler
                0x08008c34                DMA1_Channel5_IRQHandler
                0x08008c34                EXTI4_IRQHandler
                0x08008c34                DMA1_Channel3_IRQHandler
                0x08008c34                WWDG_IRQHandler
                0x08008c34                EXTI1_IRQHandler
                0x08008c34                COMP4_6_IRQHandler
                0x08008c34                USART2_IRQHandler
                0x08008c34                DMA1_Channel2_IRQHandler
                0x08008c34                FLASH_IRQHandler
                0x08008c34                USART1_IRQHandler
                0x08008c34                I2C1_ER_IRQHandler
                0x08008c34                EXTI2_TSC_IRQHandler
                0x08008c34                TIM1_BRK_TIM15_IRQHandler
 *fill*         0x08008c36        0x2 
 .text.calloc   0x08008c38       0x10 c:/program files (x86)/gnu arm embedded toolchain/10 2021.10/bin/../lib/gcc/arm-none-eabi/10.3.1/../../../../arm-none-eabi/lib/thumb/v7e-m+fp/hard\libc_nano.a(lib_a-calloc.o)
                0x08008c38                calloc
 .text.__sflush_r
                0x08008c48      0x10c c:/program files (x86)/gnu arm embedded toolchain/10 2021.10/bin/../lib/gcc/arm-none-eabi/10.3.1/../../../../arm-none-eabi/lib/thumb/v7e-m+fp/hard\libc_nano.a(lib_a-fflush.o)
                0x08008c48                __sflush_r
 .text._fflush_r
                0x08008d54       0x78 c:/program files (x86)/gnu arm embedded toolchain/10 2021.10/bin/../lib/gcc/arm-none-eabi/10.3.1/../../../../arm-none-eabi/lib/thumb/v7e-m+fp/hard\libc_nano.a(lib_a-fflush.o)
                0x08008d54                _fflush_r
 .text.fflush   0x08008dcc       0x24 c:/program files (x86)/gnu arm embedded toolchain/10 2021.10/bin/../lib/gcc/arm-none-eabi/10.3.1/../../../../arm-none-eabi/lib/thumb/v7e-m+fp/hard\libc_nano.a(lib_a-fflush.o)
                0x08008dcc                fflush
 .text.std      0x08008df0       0x48 c:/program files (x86)/gnu arm embedded toolchain/10 2021.10/bin/../lib/gcc/arm-none-eabi/10.3.1/../../../../arm-none-eabi/lib/thumb/v7e-m+fp/hard\libc_nano.a(lib_a-findfp.o)
 .text._cleanup_r
                0x08008e38        0xc c:/program files (x86)/gnu arm embedded toolchain/10 2021.10/bin/../lib/gcc/arm-none-eabi/10.3.1/../../../../arm-none-eabi/lib/thumb/v7e-m+fp/hard\libc_nano.a(lib_a-findfp.o)
                0x08008e38                _cleanup_r
 .text.__sfmoreglue
                0x08008e44       0x2c c:/program files (x86)/gnu arm embedded toolchain/10 2021.10/bin/../lib/gcc/arm-none-eabi/10.3.1/../../../../arm-none-eabi/lib/thumb/v7e-m+fp/hard\libc_nano.a(lib_a-findfp.o)
                0x08008e44                __sfmoreglue
 .text.__sfp_lock_acquire
                0x08008e70        0xc c:/program files (x86)/gnu arm embedded toolchain/10 2021.10/bin/../lib/gcc/arm-none-eabi/10.3.1/../../../../arm-none-eabi/lib/thumb/v7e-m+fp/hard\libc_nano.a(lib_a-findfp.o)
                0x08008e70                __sfp_lock_acquire
 .text.__sfp_lock_release
                0x08008e7c        0xc c:/program files (x86)/gnu arm embedded toolchain/10 2021.10/bin/../lib/gcc/arm-none-eabi/10.3.1/../../../../arm-none-eabi/lib/thumb/v7e-m+fp/hard\libc_nano.a(lib_a-findfp.o)
                0x08008e7c                __sfp_lock_release
 .text.__sinit_lock_acquire
                0x08008e88        0xc c:/program files (x86)/gnu arm embedded toolchain/10 2021.10/bin/../lib/gcc/arm-none-eabi/10.3.1/../../../../arm-none-eabi/lib/thumb/v7e-m+fp/hard\libc_nano.a(lib_a-findfp.o)
                0x08008e88                __sinit_lock_acquire
 .text.__sinit_lock_release
                0x08008e94        0xc c:/program files (x86)/gnu arm embedded toolchain/10 2021.10/bin/../lib/gcc/arm-none-eabi/10.3.1/../../../../arm-none-eabi/lib/thumb/v7e-m+fp/hard\libc_nano.a(lib_a-findfp.o)
                0x08008e94                __sinit_lock_release
 .text.__sinit  0x08008ea0       0x70 c:/program files (x86)/gnu arm embedded toolchain/10 2021.10/bin/../lib/gcc/arm-none-eabi/10.3.1/../../../../arm-none-eabi/lib/thumb/v7e-m+fp/hard\libc_nano.a(lib_a-findfp.o)
                0x08008ea0                __sinit
 .text.__sfp    0x08008f10       0x8c c:/program files (x86)/gnu arm embedded toolchain/10 2021.10/bin/../lib/gcc/arm-none-eabi/10.3.1/../../../../arm-none-eabi/lib/thumb/v7e-m+fp/hard\libc_nano.a(lib_a-findfp.o)
                0x08008f10                __sfp
 .text._fwalk_reent
                0x08008f9c       0x3e c:/program files (x86)/gnu arm embedded toolchain/10 2021.10/bin/../lib/gcc/arm-none-eabi/10.3.1/../../../../arm-none-eabi/lib/thumb/v7e-m+fp/hard\libc_nano.a(lib_a-fwalk.o)
                0x08008f9c                _fwalk_reent
 *fill*         0x08008fda        0x2 
 .text.__libc_init_array
                0x08008fdc       0x48 c:/program files (x86)/gnu arm embedded toolchain/10 2021.10/bin/../lib/gcc/arm-none-eabi/10.3.1/../../../../arm-none-eabi/lib/thumb/v7e-m+fp/hard\libc_nano.a(lib_a-init.o)
                0x08008fdc                __libc_init_array
 .text.__retarget_lock_init_recursive
                0x08009024        0x2 c:/program files (x86)/gnu arm embedded toolchain/10 2021.10/bin/../lib/gcc/arm-none-eabi/10.3.1/../../../../arm-none-eabi/lib/thumb/v7e-m+fp/hard\libc_nano.a(lib_a-lock.o)
                0x08009024                __retarget_lock_init_recursive
 .text.__retarget_lock_acquire_recursive
                0x08009026        0x2 c:/program files (x86)/gnu arm embedded toolchain/10 2021.10/bin/../lib/gcc/arm-none-eabi/10.3.1/../../../../arm-none-eabi/lib/thumb/v7e-m+fp/hard\libc_nano.a(lib_a-lock.o)
                0x08009026                __retarget_lock_acquire_recursive
 .text.__retarget_lock_release_recursive
                0x08009028        0x2 c:/program files (x86)/gnu arm embedded toolchain/10 2021.10/bin/../lib/gcc/arm-none-eabi/10.3.1/../../../../arm-none-eabi/lib/thumb/v7e-m+fp/hard\libc_nano.a(lib_a-lock.o)
                0x08009028                __retarget_lock_release_recursive
 *fill*         0x0800902a        0x2 
 .text.free     0x0800902c       0x10 c:/program files (x86)/gnu arm embedded toolchain/10 2021.10/bin/../lib/gcc/arm-none-eabi/10.3.1/../../../../arm-none-eabi/lib/thumb/v7e-m+fp/hard\libc_nano.a(lib_a-malloc.o)
                0x0800902c                free
 .text.memcpy   0x0800903c       0x1c c:/program files (x86)/gnu arm embedded toolchain/10 2021.10/bin/../lib/gcc/arm-none-eabi/10.3.1/../../../../arm-none-eabi/lib/thumb/v7e-m+fp/hard\libc_nano.a(lib_a-memcpy-stub.o)
                0x0800903c                memcpy
 .text.memmove  0x08009058       0x34 c:/program files (x86)/gnu arm embedded toolchain/10 2021.10/bin/../lib/gcc/arm-none-eabi/10.3.1/../../../../arm-none-eabi/lib/thumb/v7e-m+fp/hard\libc_nano.a(lib_a-memmove.o)
                0x08009058                memmove
 .text.memset   0x0800908c       0x10 c:/program files (x86)/gnu arm embedded toolchain/10 2021.10/bin/../lib/gcc/arm-none-eabi/10.3.1/../../../../arm-none-eabi/lib/thumb/v7e-m+fp/hard\libc_nano.a(lib_a-memset.o)
                0x0800908c                memset
 .text._calloc_r
                0x0800909c       0x2c c:/program files (x86)/gnu arm embedded toolchain/10 2021.10/bin/../lib/gcc/arm-none-eabi/10.3.1/../../../../arm-none-eabi/lib/thumb/v7e-m+fp/hard\libc_nano.a(lib_a-nano-callocr.o)
                0x0800909c                _calloc_r
 .text._free_r  0x080090c8       0x98 c:/program files (x86)/gnu arm embedded toolchain/10 2021.10/bin/../lib/gcc/arm-none-eabi/10.3.1/../../../../arm-none-eabi/lib/thumb/v7e-m+fp/hard\libc_nano.a(lib_a-nano-freer.o)
                0x080090c8                _free_r
 .text.sbrk_aligned
                0x08009160       0x40 c:/program files (x86)/gnu arm embedded toolchain/10 2021.10/bin/../lib/gcc/arm-none-eabi/10.3.1/../../../../arm-none-eabi/lib/thumb/v7e-m+fp/hard\libc_nano.a(lib_a-nano-mallocr.o)
 .text._malloc_r
                0x080091a0       0xe8 c:/program files (x86)/gnu arm embedded toolchain/10 2021.10/bin/../lib/gcc/arm-none-eabi/10.3.1/../../../../arm-none-eabi/lib/thumb/v7e-m+fp/hard\libc_nano.a(lib_a-nano-mallocr.o)
                0x080091a0                _malloc_r
 .text.printf   0x08009288       0x30 c:/program files (x86)/gnu arm embedded toolchain/10 2021.10/bin/../lib/gcc/arm-none-eabi/10.3.1/../../../../arm-none-eabi/lib/thumb/v7e-m+fp/hard\libc_nano.a(lib_a-printf.o)
                0x08009288                iprintf
                0x08009288                printf
 .text._puts_r  0x080092b8       0xdc c:/program files (x86)/gnu arm embedded toolchain/10 2021.10/bin/../lib/gcc/arm-none-eabi/10.3.1/../../../../arm-none-eabi/lib/thumb/v7e-m+fp/hard\libc_nano.a(lib_a-puts.o)
                0x080092b8                _puts_r
 .text.puts     0x08009394       0x10 c:/program files (x86)/gnu arm embedded toolchain/10 2021.10/bin/../lib/gcc/arm-none-eabi/10.3.1/../../../../arm-none-eabi/lib/thumb/v7e-m+fp/hard\libc_nano.a(lib_a-puts.o)
                0x08009394                puts
 .text._sbrk_r  0x080093a4       0x20 c:/program files (x86)/gnu arm embedded toolchain/10 2021.10/bin/../lib/gcc/arm-none-eabi/10.3.1/../../../../arm-none-eabi/lib/thumb/v7e-m+fp/hard\libc_nano.a(lib_a-sbrkr.o)
                0x080093a4                _sbrk_r
 .text.__sread  0x080093c4       0x22 c:/program files (x86)/gnu arm embedded toolchain/10 2021.10/bin/../lib/gcc/arm-none-eabi/10.3.1/../../../../arm-none-eabi/lib/thumb/v7e-m+fp/hard\libc_nano.a(lib_a-stdio.o)
                0x080093c4                __sread
 .text.__swrite
                0x080093e6       0x38 c:/program files (x86)/gnu arm embedded toolchain/10 2021.10/bin/../lib/gcc/arm-none-eabi/10.3.1/../../../../arm-none-eabi/lib/thumb/v7e-m+fp/hard\libc_nano.a(lib_a-stdio.o)
                0x080093e6                __swrite
 .text.__sseek  0x0800941e       0x24 c:/program files (x86)/gnu arm embedded toolchain/10 2021.10/bin/../lib/gcc/arm-none-eabi/10.3.1/../../../../arm-none-eabi/lib/thumb/v7e-m+fp/hard\libc_nano.a(lib_a-stdio.o)
                0x0800941e                __sseek
 .text.__sclose
                0x08009442        0x8 c:/program files (x86)/gnu arm embedded toolchain/10 2021.10/bin/../lib/gcc/arm-none-eabi/10.3.1/../../../../arm-none-eabi/lib/thumb/v7e-m+fp/hard\libc_nano.a(lib_a-stdio.o)
                0x08009442                __sclose
 *fill*         0x0800944a        0x2 
 .text.__swbuf_r
                0x0800944c       0xa4 c:/program files (x86)/gnu arm embedded toolchain/10 2021.10/bin/../lib/gcc/arm-none-eabi/10.3.1/../../../../arm-none-eabi/lib/thumb/v7e-m+fp/hard\libc_nano.a(lib_a-wbuf.o)
                0x0800944c                __swbuf_r
 .text._write_r
                0x080094f0       0x24 c:/program files (x86)/gnu arm embedded toolchain/10 2021.10/bin/../lib/gcc/arm-none-eabi/10.3.1/../../../../arm-none-eabi/lib/thumb/v7e-m+fp/hard\libc_nano.a(lib_a-writer.o)
                0x080094f0                _write_r
 .text.__swsetup_r
                0x08009514       0xdc c:/program files (x86)/gnu arm embedded toolchain/10 2021.10/bin/../lib/gcc/arm-none-eabi/10.3.1/../../../../arm-none-eabi/lib/thumb/v7e-m+fp/hard\libc_nano.a(lib_a-wsetup.o)
                0x08009514                __swsetup_r
 .text._close_r
                0x080095f0       0x20 c:/program files (x86)/gnu arm embedded toolchain/10 2021.10/bin/../lib/gcc/arm-none-eabi/10.3.1/../../../../arm-none-eabi/lib/thumb/v7e-m+fp/hard\libc_nano.a(lib_a-closer.o)
                0x080095f0                _close_r
 .text._lseek_r
                0x08009610       0x24 c:/program files (x86)/gnu arm embedded toolchain/10 2021.10/bin/../lib/gcc/arm-none-eabi/10.3.1/../../../../arm-none-eabi/lib/thumb/v7e-m+fp/hard\libc_nano.a(lib_a-lseekr.o)
                0x08009610                _lseek_r
 .text.__swhatbuf_r
                0x08009634       0x4a c:/program files (x86)/gnu arm embedded toolchain/10 2021.10/bin/../lib/gcc/arm-none-eabi/10.3.1/../../../../arm-none-eabi/lib/thumb/v7e-m+fp/hard\libc_nano.a(lib_a-makebuf.o)
                0x08009634                __swhatbuf_r
 *fill*         0x0800967e        0x2 
 .text.__smakebuf_r
                0x08009680       0x80 c:/program files (x86)/gnu arm embedded toolchain/10 2021.10/bin/../lib/gcc/arm-none-eabi/10.3.1/../../../../arm-none-eabi/lib/thumb/v7e-m+fp/hard\libc_nano.a(lib_a-makebuf.o)
                0x08009680                __smakebuf_r
 .text.__malloc_lock
                0x08009700        0xc c:/program files (x86)/gnu arm embedded toolchain/10 2021.10/bin/../lib/gcc/arm-none-eabi/10.3.1/../../../../arm-none-eabi/lib/thumb/v7e-m+fp/hard\libc_nano.a(lib_a-mlock.o)
                0x08009700                __malloc_lock
 .text.__malloc_unlock
                0x0800970c        0xc c:/program files (x86)/gnu arm embedded toolchain/10 2021.10/bin/../lib/gcc/arm-none-eabi/10.3.1/../../../../arm-none-eabi/lib/thumb/v7e-m+fp/hard\libc_nano.a(lib_a-mlock.o)
                0x0800970c                __malloc_unlock
 .text.__sfputc_r
                0x08009718       0x2e c:/program files (x86)/gnu arm embedded toolchain/10 2021.10/bin/../lib/gcc/arm-none-eabi/10.3.1/../../../../arm-none-eabi/lib/thumb/v7e-m+fp/hard\libc_nano.a(lib_a-nano-vfprintf.o)
 .text.__sfputs_r
                0x08009746       0x24 c:/program files (x86)/gnu arm embedded toolchain/10 2021.10/bin/../lib/gcc/arm-none-eabi/10.3.1/../../../../arm-none-eabi/lib/thumb/v7e-m+fp/hard\libc_nano.a(lib_a-nano-vfprintf.o)
                0x08009746                __sfputs_r
 *fill*         0x0800976a        0x2 
 .text._vfprintf_r
                0x0800976c      0x260 c:/program files (x86)/gnu arm embedded toolchain/10 2021.10/bin/../lib/gcc/arm-none-eabi/10.3.1/../../../../arm-none-eabi/lib/thumb/v7e-m+fp/hard\libc_nano.a(lib_a-nano-vfprintf.o)
                0x0800976c                _vfprintf_r
                0x0800976c                _vfiprintf_r
 .text._printf_common
                0x080099cc       0xda c:/program files (x86)/gnu arm embedded toolchain/10 2021.10/bin/../lib/gcc/arm-none-eabi/10.3.1/../../../../arm-none-eabi/lib/thumb/v7e-m+fp/hard\libc_nano.a(lib_a-nano-vfprintf_i.o)
                0x080099cc                _printf_common
 *fill*         0x08009aa6        0x2 
 .text._printf_i
                0x08009aa8      0x24c c:/program files (x86)/gnu arm embedded toolchain/10 2021.10/bin/../lib/gcc/arm-none-eabi/10.3.1/../../../../arm-none-eabi/lib/thumb/v7e-m+fp/hard\libc_nano.a(lib_a-nano-vfprintf_i.o)
                0x08009aa8                _printf_i
 .text._read_r  0x08009cf4       0x24 c:/program files (x86)/gnu arm embedded toolchain/10 2021.10/bin/../lib/gcc/arm-none-eabi/10.3.1/../../../../arm-none-eabi/lib/thumb/v7e-m+fp/hard\libc_nano.a(lib_a-readr.o)
                0x08009cf4                _read_r
 .text._fstat_r
                0x08009d18       0x24 c:/program files (x86)/gnu arm embedded toolchain/10 2021.10/bin/../lib/gcc/arm-none-eabi/10.3.1/../../../../arm-none-eabi/lib/thumb/v7e-m+fp/hard\libc_nano.a(lib_a-fstatr.o)
                0x08009d18                _fstat_r
 .text._isatty_r
                0x08009d3c       0x20 c:/program files (x86)/gnu arm embedded toolchain/10 2021.10/bin/../lib/gcc/arm-none-eabi/10.3.1/../../../../arm-none-eabi/lib/thumb/v7e-m+fp/hard\libc_nano.a(lib_a-isattyr.o)
                0x08009d3c                _isatty_r
 .text._close   0x08009d5c       0x10 c:/program files (x86)/gnu arm embedded toolchain/10 2021.10/bin/../lib/gcc/arm-none-eabi/10.3.1/../../../../arm-none-eabi/lib/thumb/v7e-m+fp/hard\libnosys.a(close.o)
                0x08009d5c                _close
 .text._fstat   0x08009d6c       0x10 c:/program files (x86)/gnu arm embedded toolchain/10 2021.10/bin/../lib/gcc/arm-none-eabi/10.3.1/../../../../arm-none-eabi/lib/thumb/v7e-m+fp/hard\libnosys.a(fstat.o)
                0x08009d6c                _fstat
 .text._isatty  0x08009d7c       0x10 c:/program files (x86)/gnu arm embedded toolchain/10 2021.10/bin/../lib/gcc/arm-none-eabi/10.3.1/../../../../arm-none-eabi/lib/thumb/v7e-m+fp/hard\libnosys.a(isatty.o)
                0x08009d7c                _isatty
 .text._lseek   0x08009d8c       0x10 c:/program files (x86)/gnu arm embedded toolchain/10 2021.10/bin/../lib/gcc/arm-none-eabi/10.3.1/../../../../arm-none-eabi/lib/thumb/v7e-m+fp/hard\libnosys.a(lseek.o)
                0x08009d8c                _lseek
 .text._read    0x08009d9c       0x10 c:/program files (x86)/gnu arm embedded toolchain/10 2021.10/bin/../lib/gcc/arm-none-eabi/10.3.1/../../../../arm-none-eabi/lib/thumb/v7e-m+fp/hard\libnosys.a(read.o)
                0x08009d9c                _read
 .text._sbrk    0x08009dac       0x1c c:/program files (x86)/gnu arm embedded toolchain/10 2021.10/bin/../lib/gcc/arm-none-eabi/10.3.1/../../../../arm-none-eabi/lib/thumb/v7e-m+fp/hard\libnosys.a(sbrk.o)
                0x08009dac                _sbrk
 .text._write   0x08009dc8       0x10 c:/program files (x86)/gnu arm embedded toolchain/10 2021.10/bin/../lib/gcc/arm-none-eabi/10.3.1/../../../../arm-none-eabi/lib/thumb/v7e-m+fp/hard\libnosys.a(write.o)
                0x08009dc8                _write
 *(.glue_7)
 .glue_7        0x08009dd8        0x0 linker stubs
 *(.glue_7t)
 .glue_7t       0x08009dd8        0x0 linker stubs
 *(.eh_frame)
 .eh_frame      0x08009dd8        0x0 c:/program files (x86)/gnu arm embedded toolchain/10 2021.10/bin/../lib/gcc/arm-none-eabi/10.3.1/thumb/v7e-m+fp/hard/crtbegin.o
 *(.init)
 .init          0x08009dd8        0x4 c:/program files (x86)/gnu arm embedded toolchain/10 2021.10/bin/../lib/gcc/arm-none-eabi/10.3.1/thumb/v7e-m+fp/hard/crti.o
                0x08009dd8                _init
 .init          0x08009ddc        0x8 c:/program files (x86)/gnu arm embedded toolchain/10 2021.10/bin/../lib/gcc/arm-none-eabi/10.3.1/thumb/v7e-m+fp/hard/crtn.o
 *(.fini)
 .fini          0x08009de4        0x4 c:/program files (x86)/gnu arm embedded toolchain/10 2021.10/bin/../lib/gcc/arm-none-eabi/10.3.1/thumb/v7e-m+fp/hard/crti.o
                0x08009de4                _fini
 .fini          0x08009de8        0x8 c:/program files (x86)/gnu arm embedded toolchain/10 2021.10/bin/../lib/gcc/arm-none-eabi/10.3.1/thumb/v7e-m+fp/hard/crtn.o
                0x08009df0                . = ALIGN (0x4)
                0x08009df0                _etext = .

.vfp11_veneer   0x08009df0        0x0
 .vfp11_veneer  0x08009df0        0x0 linker stubs

.v4_bx          0x08009df0        0x0
 .v4_bx         0x08009df0        0x0 linker stubs

.iplt           0x08009df0        0x0
 .iplt          0x08009df0        0x0 c:/program files (x86)/gnu arm embedded toolchain/10 2021.10/bin/../lib/gcc/arm-none-eabi/10.3.1/thumb/v7e-m+fp/hard/crtbegin.o

.rodata         0x08009df0      0x5d4
                0x08009df0                . = ALIGN (0x4)
 *(.rodata)
 *(.rodata*)
 .rodata.str1.4
                0x08009df0       0x21 build/freertos.o
 *fill*         0x08009e11        0x3 
 .rodata.ReadDistance_attributes
                0x08009e14       0x24 build/freertos.o
                0x08009e14                ReadDistance_attributes
 .rodata.UITask_attributes
                0x08009e38       0x24 build/freertos.o
                0x08009e38                UITask_attributes
 .rodata.canopenTask_attributes
                0x08009e5c       0x24 build/freertos.o
                0x08009e5c                canopenTask_attributes
 .rodata.aPLLMULFactorTable
                0x08009e80       0x10 build/stm32f3xx_hal_rcc.o
 .rodata.aPredivFactorTable
                0x08009e90       0x10 build/stm32f3xx_hal_rcc.o
 .rodata.AHBPrescTable
                0x08009ea0       0x10 build/system_stm32f3xx.o
                0x08009ea0                AHBPrescTable
 .rodata.APBPrescTable
                0x08009eb0        0x8 build/system_stm32f3xx.o
                0x08009eb0                APBPrescTable
 .rodata.vTaskStartScheduler.str1.4
                0x08009eb8        0x5 build/tasks.o
 *fill*         0x08009ebd        0x3 
 .rodata.prvCheckForValidListAndQueue.str1.4
                0x08009ec0        0x5 build/timers.o
 *fill*         0x08009ec5        0x3 
 .rodata.xTimerCreateTimerTask.str1.4
                0x08009ec8        0x8 build/timers.o
 .rodata.abortCodes.0
                0x08009ed0       0x68 build/CO_ODinterface.o
 .rodata.CO_LSS_bitTimingTableLookup
                0x08009f38       0x14 build/CO_LSSslave.o
 .rodata.canopen_app_resetCommunication.str1.4
                0x08009f4c      0x139 build/CO_app_STM32.o
 *fill*         0x0800a085        0x3 
 .rodata.canopen_app_init.str1.4
                0x0800a088       0x48 build/CO_app_STM32.o
 .rodata.canopen_app_process.str1.4
                0x0800a0d0       0x41 build/CO_app_STM32.o
 *fill*         0x0800a111        0x3 
 .rodata.ODObjs
                0x0800a114      0x218 build/OD.o
 .rodata.__sf_fake_stderr
                0x0800a32c       0x20 c:/program files (x86)/gnu arm embedded toolchain/10 2021.10/bin/../lib/gcc/arm-none-eabi/10.3.1/../../../../arm-none-eabi/lib/thumb/v7e-m+fp/hard\libc_nano.a(lib_a-findfp.o)
                0x0800a32c                __sf_fake_stderr
 .rodata.__sf_fake_stdin
                0x0800a34c       0x20 c:/program files (x86)/gnu arm embedded toolchain/10 2021.10/bin/../lib/gcc/arm-none-eabi/10.3.1/../../../../arm-none-eabi/lib/thumb/v7e-m+fp/hard\libc_nano.a(lib_a-findfp.o)
                0x0800a34c                __sf_fake_stdin
 .rodata.__sf_fake_stdout
                0x0800a36c       0x20 c:/program files (x86)/gnu arm embedded toolchain/10 2021.10/bin/../lib/gcc/arm-none-eabi/10.3.1/../../../../arm-none-eabi/lib/thumb/v7e-m+fp/hard\libc_nano.a(lib_a-findfp.o)
                0x0800a36c                __sf_fake_stdout
 .rodata._global_impure_ptr
                0x0800a38c        0x4 c:/program files (x86)/gnu arm embedded toolchain/10 2021.10/bin/../lib/gcc/arm-none-eabi/10.3.1/../../../../arm-none-eabi/lib/thumb/v7e-m+fp/hard\libc_nano.a(lib_a-impure.o)
                0x0800a38c                _global_impure_ptr
 .rodata._vfprintf_r.str1.1
                0x0800a390       0x11 c:/program files (x86)/gnu arm embedded toolchain/10 2021.10/bin/../lib/gcc/arm-none-eabi/10.3.1/../../../../arm-none-eabi/lib/thumb/v7e-m+fp/hard\libc_nano.a(lib_a-nano-vfprintf.o)
 .rodata._printf_i.str1.1
                0x0800a3a1       0x22 c:/program files (x86)/gnu arm embedded toolchain/10 2021.10/bin/../lib/gcc/arm-none-eabi/10.3.1/../../../../arm-none-eabi/lib/thumb/v7e-m+fp/hard\libc_nano.a(lib_a-nano-vfprintf_i.o)
                0x0800a3c4                . = ALIGN (0x4)
 *fill*         0x0800a3c3        0x1 

.rel.dyn        0x0800a3c4        0x0
 .rel.iplt      0x0800a3c4        0x0 c:/program files (x86)/gnu arm embedded toolchain/10 2021.10/bin/../lib/gcc/arm-none-eabi/10.3.1/thumb/v7e-m+fp/hard/crtbegin.o

.ARM.extab
 *(.ARM.extab* .gnu.linkonce.armextab.*)

.ARM            0x0800a3c4        0x0
                0x0800a3c4                __exidx_start = .
 *(.ARM.exidx*)
                0x0800a3c4                __exidx_end = .

.preinit_array  0x0800a3c4        0x0
                0x0800a3c4                PROVIDE (__preinit_array_start = .)
 *(.preinit_array*)
                0x0800a3c4                PROVIDE (__preinit_array_end = .)

.init_array     0x0800a3c4        0x4
                0x0800a3c4                PROVIDE (__init_array_start = .)
 *(SORT_BY_NAME(.init_array.*))
 *(.init_array*)
 .init_array    0x0800a3c4        0x4 c:/program files (x86)/gnu arm embedded toolchain/10 2021.10/bin/../lib/gcc/arm-none-eabi/10.3.1/thumb/v7e-m+fp/hard/crtbegin.o
                0x0800a3c8                PROVIDE (__init_array_end = .)

.fini_array     0x0800a3c8        0x4
                [!provide]                PROVIDE (__fini_array_start = .)
 *(SORT_BY_NAME(.fini_array.*))
 *(.fini_array*)
 .fini_array    0x0800a3c8        0x4 c:/program files (x86)/gnu arm embedded toolchain/10 2021.10/bin/../lib/gcc/arm-none-eabi/10.3.1/thumb/v7e-m+fp/hard/crtbegin.o
                [!provide]                PROVIDE (__fini_array_end = .)
                0x0800a3cc                _sidata = LOADADDR (.data)

.data           0x20000000      0x250 load address 0x0800a3cc
                0x20000000                . = ALIGN (0x4)
                0x20000000                _sdata = .
 *(.data)
 *(.data*)
 .data.uwTickFreq
                0x20000000        0x1 build/stm32f3xx_hal.o
                0x20000000                uwTickFreq
 *fill*         0x20000001        0x3 
 .data.uwTickPrio
                0x20000004        0x4 build/stm32f3xx_hal.o
                0x20000004                uwTickPrio
 .data.SystemCoreClock
                0x20000008        0x4 build/system_stm32f3xx.o
                0x20000008                SystemCoreClock
 .data.uxCriticalNesting
                0x2000000c        0x4 build/port.o
 .data.OD       0x20000010        0x4 build/OD.o
                0x20000010                OD
 .data.ODList   0x20000014       0xfc build/OD.o
 .data.OD_PERSIST_COMM
                0x20000110       0xa0 build/OD.o
                0x20000110                OD_PERSIST_COMM
 .data.OD_RAM   0x200001b0       0x34 build/OD.o
                0x200001b0                OD_RAM
 .data._OD      0x200001e4        0x8 build/OD.o
 .data._impure_ptr
                0x200001ec        0x4 c:/program files (x86)/gnu arm embedded toolchain/10 2021.10/bin/../lib/gcc/arm-none-eabi/10.3.1/../../../../arm-none-eabi/lib/thumb/v7e-m+fp/hard\libc_nano.a(lib_a-impure.o)
                0x200001ec                _impure_ptr
 .data.impure_data
                0x200001f0       0x60 c:/program files (x86)/gnu arm embedded toolchain/10 2021.10/bin/../lib/gcc/arm-none-eabi/10.3.1/../../../../arm-none-eabi/lib/thumb/v7e-m+fp/hard\libc_nano.a(lib_a-impure.o)
                0x20000250                . = ALIGN (0x4)
                0x20000250                _edata = .
                0x0800a61c                _siccmram = LOADADDR (.ccmram)

.igot.plt       0x20000250        0x0 load address 0x0800a61c
 .igot.plt      0x20000250        0x0 c:/program files (x86)/gnu arm embedded toolchain/10 2021.10/bin/../lib/gcc/arm-none-eabi/10.3.1/thumb/v7e-m+fp/hard/crtbegin.o

.ccmram         0x10000000        0x0 load address 0x0800a61c
                0x10000000                . = ALIGN (0x4)
                0x10000000                _sccmram = .
 *(.ccmram)
 *(.ccmram*)
                0x10000000                . = ALIGN (0x4)
                0x10000000                _eccmram = .
                0x10000000                . = ALIGN (0x4)

.bss            0x20000250     0x1d44
                0x20000250                _sbss = .
                0x20000250                __bss_start__ = _sbss
 *(.bss)
 .bss           0x20000250       0x1c c:/program files (x86)/gnu arm embedded toolchain/10 2021.10/bin/../lib/gcc/arm-none-eabi/10.3.1/thumb/v7e-m+fp/hard/crtbegin.o
 *(.bss*)
 .bss.NodeID    0x2000026c        0x4 build/main.o
                0x2000026c                NodeID
 .bss.ReadDistanceHandle
                0x20000270        0x4 build/freertos.o
                0x20000270                ReadDistanceHandle
 .bss.UITaskHandle
                0x20000274        0x4 build/freertos.o
                0x20000274                UITaskHandle
 .bss.canopenTaskHandle
                0x20000278        0x4 build/freertos.o
                0x20000278                canopenTaskHandle
 .bss.hcan      0x2000027c       0x64 build/can.o
                0x2000027c                hcan
 .bss.htim17    0x200002e0       0xbc build/tim.o
                0x200002e0                htim17
 .bss.htim2     0x2000039c       0xbc build/tim.o
                0x2000039c                htim2
 .bss.htim3     0x20000458       0xbc build/tim.o
                0x20000458                htim3
 .bss.htim1     0x20000514       0xbc build/stm32f3xx_hal_timebase_tim.o
                0x20000514                htim1
 .bss.uwTick    0x200005d0        0x4 build/stm32f3xx_hal.o
                0x200005d0                uwTick
 .bss.xQueueRegistry
                0x200005d4       0x40 build/queue.o
                0x200005d4                xQueueRegistry
 .bss.pxCurrentTCB
                0x20000614        0x4 build/tasks.o
                0x20000614                pxCurrentTCB
 .bss.pxDelayedTaskList
                0x20000618        0x4 build/tasks.o
 .bss.pxOverflowDelayedTaskList
                0x2000061c        0x4 build/tasks.o
 .bss.pxReadyTasksLists
                0x20000620      0x460 build/tasks.o
 .bss.uxCurrentNumberOfTasks
                0x20000a80        0x4 build/tasks.o
 .bss.uxDeletedTasksWaitingCleanUp
                0x20000a84        0x4 build/tasks.o
 .bss.uxPendedTicks
                0x20000a88        0x4 build/tasks.o
 .bss.uxSchedulerSuspended
                0x20000a8c        0x4 build/tasks.o
 .bss.uxTaskNumber
                0x20000a90        0x4 build/tasks.o
 .bss.uxTopReadyPriority
                0x20000a94        0x4 build/tasks.o
 .bss.xDelayedTaskList1
                0x20000a98       0x14 build/tasks.o
 .bss.xDelayedTaskList2
                0x20000aac       0x14 build/tasks.o
 .bss.xIdleTaskHandle
                0x20000ac0        0x4 build/tasks.o
 .bss.xNextTaskUnblockTime
                0x20000ac4        0x4 build/tasks.o
 .bss.xNumOfOverflows
                0x20000ac8        0x4 build/tasks.o
 .bss.xPendingReadyList
                0x20000acc       0x14 build/tasks.o
 .bss.xSchedulerRunning
                0x20000ae0        0x4 build/tasks.o
 .bss.xSuspendedTaskList
                0x20000ae4       0x14 build/tasks.o
 .bss.xTasksWaitingTermination
                0x20000af8       0x14 build/tasks.o
 .bss.xTickCount
                0x20000b0c        0x4 build/tasks.o
 .bss.xYieldPending
                0x20000b10        0x4 build/tasks.o
 .bss.pxCurrentTimerList
                0x20000b14        0x4 build/timers.o
 .bss.pxOverflowTimerList
                0x20000b18        0x4 build/timers.o
 .bss.ucStaticTimerQueueStorage.1
                0x20000b1c       0xa0 build/timers.o
 .bss.xActiveTimerList1
                0x20000bbc       0x14 build/timers.o
 .bss.xActiveTimerList2
                0x20000bd0       0x14 build/timers.o
 .bss.xLastTime.2
                0x20000be4        0x4 build/timers.o
 .bss.xStaticTimerQueue.0
                0x20000be8       0x50 build/timers.o
 .bss.xTimerQueue
                0x20000c38        0x4 build/timers.o
 .bss.xTimerTaskHandle
                0x20000c3c        0x4 build/timers.o
 .bss.Idle_Stack
                0x20000c40      0x200 build/cmsis_os2.o
 .bss.Idle_TCB  0x20000e40       0x5c build/cmsis_os2.o
 .bss.KernelState
                0x20000e9c        0x4 build/cmsis_os2.o
 .bss.Timer_Stack
                0x20000ea0      0x400 build/cmsis_os2.o
 .bss.Timer_TCB
                0x200012a0       0x5c build/cmsis_os2.o
 .bss.pxEnd     0x200012fc        0x4 build/heap_4.o
 .bss.ucHeap    0x20001300      0xc00 build/heap_4.o
 .bss.xBlockAllocatedBit
                0x20001f00        0x4 build/heap_4.o
 .bss.xFreeBytesRemaining
                0x20001f04        0x4 build/heap_4.o
 .bss.xMinimumEverFreeBytesRemaining
                0x20001f08        0x4 build/heap_4.o
 .bss.xStart    0x20001f0c        0x8 build/heap_4.o
 .bss.ucMaxSysCallPriority
                0x20001f14        0x1 build/port.o
 *fill*         0x20001f15        0x3 
 .bss.ulMaxPRIGROUPValue
                0x20001f18        0x4 build/port.o
 .bss.Difference
                0x20001f1c        0x4 build/hc_sr04.o
                0x20001f1c                Difference
 .bss.Distance  0x20001f20        0x4 build/hc_sr04.o
                0x20001f20                Distance
 .bss.Echo_Raised
                0x20001f24        0x1 build/hc_sr04.o
                0x20001f24                Echo_Raised
 *fill*         0x20001f25        0x3 
 .bss.IC_Val1   0x20001f28        0x4 build/hc_sr04.o
                0x20001f28                IC_Val1
 .bss.IC_Val2   0x20001f2c        0x4 build/hc_sr04.o
                0x20001f2c                IC_Val2
 .bss.hc_tim    0x20001f30        0x4 build/hc_sr04.o
                0x20001f30                hc_tim
 .bss.CO        0x20001f34        0x4 build/CO_app_STM32.o
                0x20001f34                CO
 .bss.canopenNodeSTM32
                0x20001f38        0x4 build/CO_app_STM32.o
                0x20001f38                canopenNodeSTM32
 .bss.err       0x20001f3c        0x1 build/CO_app_STM32.o
                0x20001f3c                err
 *fill*         0x20001f3d        0x3 
 .bss.time_current
                0x20001f40        0x4 build/CO_app_STM32.o
                0x20001f40                time_current
 .bss.time_old  0x20001f44        0x4 build/CO_app_STM32.o
                0x20001f44                time_old
 .bss.CANModule_local
                0x20001f48        0x4 build/CO_driver_STM32.o
 .bss.rx_hdr.0  0x20001f4c       0x1c build/CO_driver_STM32.o
 .bss.tx_hdr.1  0x20001f68       0x18 build/CO_driver_STM32.o
 .bss.__lock___malloc_recursive_mutex
                0x20001f80        0x1 c:/program files (x86)/gnu arm embedded toolchain/10 2021.10/bin/../lib/gcc/arm-none-eabi/10.3.1/../../../../arm-none-eabi/lib/thumb/v7e-m+fp/hard\libc_nano.a(lib_a-lock.o)
                0x20001f80                __lock___malloc_recursive_mutex
 .bss.__lock___sfp_recursive_mutex
                0x20001f81        0x1 c:/program files (x86)/gnu arm embedded toolchain/10 2021.10/bin/../lib/gcc/arm-none-eabi/10.3.1/../../../../arm-none-eabi/lib/thumb/v7e-m+fp/hard\libc_nano.a(lib_a-lock.o)
                0x20001f81                __lock___sfp_recursive_mutex
 .bss.__lock___sinit_recursive_mutex
                0x20001f82        0x1 c:/program files (x86)/gnu arm embedded toolchain/10 2021.10/bin/../lib/gcc/arm-none-eabi/10.3.1/../../../../arm-none-eabi/lib/thumb/v7e-m+fp/hard\libc_nano.a(lib_a-lock.o)
                0x20001f82                __lock___sinit_recursive_mutex
 *fill*         0x20001f83        0x1 
 .bss.__malloc_free_list
                0x20001f84        0x4 c:/program files (x86)/gnu arm embedded toolchain/10 2021.10/bin/../lib/gcc/arm-none-eabi/10.3.1/../../../../arm-none-eabi/lib/thumb/v7e-m+fp/hard\libc_nano.a(lib_a-nano-mallocr.o)
                0x20001f84                __malloc_free_list
 .bss.__malloc_sbrk_start
                0x20001f88        0x4 c:/program files (x86)/gnu arm embedded toolchain/10 2021.10/bin/../lib/gcc/arm-none-eabi/10.3.1/../../../../arm-none-eabi/lib/thumb/v7e-m+fp/hard\libc_nano.a(lib_a-nano-mallocr.o)
                0x20001f88                __malloc_sbrk_start
 .bss.errno     0x20001f8c        0x4 c:/program files (x86)/gnu arm embedded toolchain/10 2021.10/bin/../lib/gcc/arm-none-eabi/10.3.1/../../../../arm-none-eabi/lib/thumb/v7e-m+fp/hard\libc_nano.a(lib_a-reent.o)
                0x20001f8c                errno
 .bss.heap_end.0
                0x20001f90        0x4 c:/program files (x86)/gnu arm embedded toolchain/10 2021.10/bin/../lib/gcc/arm-none-eabi/10.3.1/../../../../arm-none-eabi/lib/thumb/v7e-m+fp/hard\libnosys.a(sbrk.o)
 *(COMMON)
                0x20001f94                . = ALIGN (0x4)
                0x20001f94                _ebss = .
                0x20001f94                __bss_end__ = _ebss

._user_heap_stack
                0x20001f94      0x604
                0x20001f98                . = ALIGN (0x8)
 *fill*         0x20001f94        0x4 
                0x20001f98                PROVIDE (end = .)
                [!provide]                PROVIDE (_end = .)
                0x20002198                . = (. + _Min_Heap_Size)
 *fill*         0x20001f98      0x200 
                0x20002598                . = (. + _Min_Stack_Size)
 *fill*         0x20002198      0x400 
                0x20002598                . = ALIGN (0x8)

/DISCARD/
 libc.a(*)
 libm.a(*)
 libgcc.a(*)

.ARM.attributes
                0x00000000       0x30
 *(.ARM.attributes)
 .ARM.attributes
                0x00000000       0x1e c:/program files (x86)/gnu arm embedded toolchain/10 2021.10/bin/../lib/gcc/arm-none-eabi/10.3.1/thumb/v7e-m+fp/hard/crti.o
 .ARM.attributes
                0x0000001e       0x34 c:/program files (x86)/gnu arm embedded toolchain/10 2021.10/bin/../lib/gcc/arm-none-eabi/10.3.1/thumb/v7e-m+fp/hard/crtbegin.o
 .ARM.attributes
                0x00000052       0x34 build/main.o
 .ARM.attributes
                0x00000086       0x34 build/gpio.o
 .ARM.attributes
                0x000000ba       0x34 build/freertos.o
 .ARM.attributes
                0x000000ee       0x34 build/can.o
 .ARM.attributes
                0x00000122       0x34 build/flashROM.o
 .ARM.attributes
                0x00000156       0x34 build/tim.o
 .ARM.attributes
                0x0000018a       0x34 build/stm32f3xx_it.o
 .ARM.attributes
                0x000001be       0x34 build/stm32f3xx_hal_msp.o
 .ARM.attributes
                0x000001f2       0x34 build/stm32f3xx_hal_timebase_tim.o
 .ARM.attributes
                0x00000226       0x34 build/stm32f3xx_hal_can.o
 .ARM.attributes
                0x0000025a       0x34 build/stm32f3xx_hal.o
 .ARM.attributes
                0x0000028e       0x34 build/stm32f3xx_hal_rcc.o
 .ARM.attributes
                0x000002c2       0x34 build/stm32f3xx_hal_gpio.o
 .ARM.attributes
                0x000002f6       0x34 build/stm32f3xx_hal_cortex.o
 .ARM.attributes
                0x0000032a       0x34 build/stm32f3xx_hal_flash.o
 .ARM.attributes
                0x0000035e       0x34 build/stm32f3xx_hal_tim.o
 .ARM.attributes
                0x00000392       0x34 build/stm32f3xx_hal_tim_ex.o
 .ARM.attributes
                0x000003c6       0x34 build/system_stm32f3xx.o
 .ARM.attributes
                0x000003fa       0x34 build/list.o
 .ARM.attributes
                0x0000042e       0x34 build/queue.o
 .ARM.attributes
                0x00000462       0x34 build/tasks.o
 .ARM.attributes
                0x00000496       0x34 build/timers.o
 .ARM.attributes
                0x000004ca       0x34 build/cmsis_os2.o
 .ARM.attributes
                0x000004fe       0x34 build/heap_4.o
 .ARM.attributes
                0x00000532       0x34 build/port.o
 .ARM.attributes
                0x00000566       0x34 build/hc_sr04.o
 .ARM.attributes
                0x0000059a       0x34 build/comment.o
 .ARM.attributes
                0x000005ce       0x34 build/CO_ODinterface.o
 .ARM.attributes
                0x00000602       0x34 build/CO_NMT_Heartbeat.o
 .ARM.attributes
                0x00000636       0x34 build/CO_HBconsumer.o
 .ARM.attributes
                0x0000066a       0x34 build/CO_Emergency.o
 .ARM.attributes
                0x0000069e       0x34 build/CO_SDOserver.o
 .ARM.attributes
                0x000006d2       0x34 build/CO_TIME.o
 .ARM.attributes
                0x00000706       0x34 build/CO_SYNC.o
 .ARM.attributes
                0x0000073a       0x34 build/CO_PDO.o
 .ARM.attributes
                0x0000076e       0x34 build/CO_LEDs.o
 .ARM.attributes
                0x000007a2       0x34 build/CO_LSSslave.o
 .ARM.attributes
                0x000007d6       0x34 build/CANopen.o
 .ARM.attributes
                0x0000080a       0x34 build/CO_app_STM32.o
 .ARM.attributes
                0x0000083e       0x34 build/CO_driver_STM32.o
 .ARM.attributes
                0x00000872       0x34 build/OD.o
 .ARM.attributes
                0x000008a6       0x21 build/startup_stm32f303x8.o
 .ARM.attributes
                0x000008c7       0x34 c:/program files (x86)/gnu arm embedded toolchain/10 2021.10/bin/../lib/gcc/arm-none-eabi/10.3.1/../../../../arm-none-eabi/lib/thumb/v7e-m+fp/hard\libc_nano.a(lib_a-calloc.o)
 .ARM.attributes
                0x000008fb       0x34 c:/program files (x86)/gnu arm embedded toolchain/10 2021.10/bin/../lib/gcc/arm-none-eabi/10.3.1/../../../../arm-none-eabi/lib/thumb/v7e-m+fp/hard\libc_nano.a(lib_a-fflush.o)
 .ARM.attributes
                0x0000092f       0x34 c:/program files (x86)/gnu arm embedded toolchain/10 2021.10/bin/../lib/gcc/arm-none-eabi/10.3.1/../../../../arm-none-eabi/lib/thumb/v7e-m+fp/hard\libc_nano.a(lib_a-findfp.o)
 .ARM.attributes
                0x00000963       0x34 c:/program files (x86)/gnu arm embedded toolchain/10 2021.10/bin/../lib/gcc/arm-none-eabi/10.3.1/../../../../arm-none-eabi/lib/thumb/v7e-m+fp/hard\libc_nano.a(lib_a-fwalk.o)
 .ARM.attributes
                0x00000997       0x34 c:/program files (x86)/gnu arm embedded toolchain/10 2021.10/bin/../lib/gcc/arm-none-eabi/10.3.1/../../../../arm-none-eabi/lib/thumb/v7e-m+fp/hard\libc_nano.a(lib_a-impure.o)
 .ARM.attributes
                0x000009cb       0x34 c:/program files (x86)/gnu arm embedded toolchain/10 2021.10/bin/../lib/gcc/arm-none-eabi/10.3.1/../../../../arm-none-eabi/lib/thumb/v7e-m+fp/hard\libc_nano.a(lib_a-init.o)
 .ARM.attributes
                0x000009ff       0x34 c:/program files (x86)/gnu arm embedded toolchain/10 2021.10/bin/../lib/gcc/arm-none-eabi/10.3.1/../../../../arm-none-eabi/lib/thumb/v7e-m+fp/hard\libc_nano.a(lib_a-lock.o)
 .ARM.attributes
                0x00000a33       0x34 c:/program files (x86)/gnu arm embedded toolchain/10 2021.10/bin/../lib/gcc/arm-none-eabi/10.3.1/../../../../arm-none-eabi/lib/thumb/v7e-m+fp/hard\libc_nano.a(lib_a-malloc.o)
 .ARM.attributes
                0x00000a67       0x34 c:/program files (x86)/gnu arm embedded toolchain/10 2021.10/bin/../lib/gcc/arm-none-eabi/10.3.1/../../../../arm-none-eabi/lib/thumb/v7e-m+fp/hard\libc_nano.a(lib_a-memcpy-stub.o)
 .ARM.attributes
                0x00000a9b       0x34 c:/program files (x86)/gnu arm embedded toolchain/10 2021.10/bin/../lib/gcc/arm-none-eabi/10.3.1/../../../../arm-none-eabi/lib/thumb/v7e-m+fp/hard\libc_nano.a(lib_a-memmove.o)
 .ARM.attributes
                0x00000acf       0x34 c:/program files (x86)/gnu arm embedded toolchain/10 2021.10/bin/../lib/gcc/arm-none-eabi/10.3.1/../../../../arm-none-eabi/lib/thumb/v7e-m+fp/hard\libc_nano.a(lib_a-memset.o)
 .ARM.attributes
                0x00000b03       0x34 c:/program files (x86)/gnu arm embedded toolchain/10 2021.10/bin/../lib/gcc/arm-none-eabi/10.3.1/../../../../arm-none-eabi/lib/thumb/v7e-m+fp/hard\libc_nano.a(lib_a-nano-callocr.o)
 .ARM.attributes
                0x00000b37       0x34 c:/program files (x86)/gnu arm embedded toolchain/10 2021.10/bin/../lib/gcc/arm-none-eabi/10.3.1/../../../../arm-none-eabi/lib/thumb/v7e-m+fp/hard\libc_nano.a(lib_a-nano-freer.o)
 .ARM.attributes
                0x00000b6b       0x34 c:/program files (x86)/gnu arm embedded toolchain/10 2021.10/bin/../lib/gcc/arm-none-eabi/10.3.1/../../../../arm-none-eabi/lib/thumb/v7e-m+fp/hard\libc_nano.a(lib_a-nano-mallocr.o)
 .ARM.attributes
                0x00000b9f       0x34 c:/program files (x86)/gnu arm embedded toolchain/10 2021.10/bin/../lib/gcc/arm-none-eabi/10.3.1/../../../../arm-none-eabi/lib/thumb/v7e-m+fp/hard\libc_nano.a(lib_a-printf.o)
 .ARM.attributes
                0x00000bd3       0x34 c:/program files (x86)/gnu arm embedded toolchain/10 2021.10/bin/../lib/gcc/arm-none-eabi/10.3.1/../../../../arm-none-eabi/lib/thumb/v7e-m+fp/hard\libc_nano.a(lib_a-puts.o)
 .ARM.attributes
                0x00000c07       0x34 c:/program files (x86)/gnu arm embedded toolchain/10 2021.10/bin/../lib/gcc/arm-none-eabi/10.3.1/../../../../arm-none-eabi/lib/thumb/v7e-m+fp/hard\libc_nano.a(lib_a-sbrkr.o)
 .ARM.attributes
                0x00000c3b       0x34 c:/program files (x86)/gnu arm embedded toolchain/10 2021.10/bin/../lib/gcc/arm-none-eabi/10.3.1/../../../../arm-none-eabi/lib/thumb/v7e-m+fp/hard\libc_nano.a(lib_a-stdio.o)
 .ARM.attributes
                0x00000c6f       0x17 c:/program files (x86)/gnu arm embedded toolchain/10 2021.10/bin/../lib/gcc/arm-none-eabi/10.3.1/../../../../arm-none-eabi/lib/thumb/v7e-m+fp/hard\libc_nano.a(lib_a-strlen.o)
 .ARM.attributes
                0x00000c86       0x34 c:/program files (x86)/gnu arm embedded toolchain/10 2021.10/bin/../lib/gcc/arm-none-eabi/10.3.1/../../../../arm-none-eabi/lib/thumb/v7e-m+fp/hard\libc_nano.a(lib_a-wbuf.o)
 .ARM.attributes
                0x00000cba       0x34 c:/program files (x86)/gnu arm embedded toolchain/10 2021.10/bin/../lib/gcc/arm-none-eabi/10.3.1/../../../../arm-none-eabi/lib/thumb/v7e-m+fp/hard\libc_nano.a(lib_a-writer.o)
 .ARM.attributes
                0x00000cee       0x34 c:/program files (x86)/gnu arm embedded toolchain/10 2021.10/bin/../lib/gcc/arm-none-eabi/10.3.1/../../../../arm-none-eabi/lib/thumb/v7e-m+fp/hard\libc_nano.a(lib_a-wsetup.o)
 .ARM.attributes
                0x00000d22       0x34 c:/program files (x86)/gnu arm embedded toolchain/10 2021.10/bin/../lib/gcc/arm-none-eabi/10.3.1/../../../../arm-none-eabi/lib/thumb/v7e-m+fp/hard\libc_nano.a(lib_a-closer.o)
 .ARM.attributes
                0x00000d56       0x34 c:/program files (x86)/gnu arm embedded toolchain/10 2021.10/bin/../lib/gcc/arm-none-eabi/10.3.1/../../../../arm-none-eabi/lib/thumb/v7e-m+fp/hard\libc_nano.a(lib_a-lseekr.o)
 .ARM.attributes
                0x00000d8a       0x34 c:/program files (x86)/gnu arm embedded toolchain/10 2021.10/bin/../lib/gcc/arm-none-eabi/10.3.1/../../../../arm-none-eabi/lib/thumb/v7e-m+fp/hard\libc_nano.a(lib_a-makebuf.o)
 .ARM.attributes
                0x00000dbe       0x34 c:/program files (x86)/gnu arm embedded toolchain/10 2021.10/bin/../lib/gcc/arm-none-eabi/10.3.1/../../../../arm-none-eabi/lib/thumb/v7e-m+fp/hard\libc_nano.a(lib_a-mlock.o)
 .ARM.attributes
                0x00000df2       0x34 c:/program files (x86)/gnu arm embedded toolchain/10 2021.10/bin/../lib/gcc/arm-none-eabi/10.3.1/../../../../arm-none-eabi/lib/thumb/v7e-m+fp/hard\libc_nano.a(lib_a-nano-vfprintf.o)
 .ARM.attributes
                0x00000e26       0x34 c:/program files (x86)/gnu arm embedded toolchain/10 2021.10/bin/../lib/gcc/arm-none-eabi/10.3.1/../../../../arm-none-eabi/lib/thumb/v7e-m+fp/hard\libc_nano.a(lib_a-nano-vfprintf_i.o)
 .ARM.attributes
                0x00000e5a       0x34 c:/program files (x86)/gnu arm embedded toolchain/10 2021.10/bin/../lib/gcc/arm-none-eabi/10.3.1/../../../../arm-none-eabi/lib/thumb/v7e-m+fp/hard\libc_nano.a(lib_a-readr.o)
 .ARM.attributes
                0x00000e8e       0x34 c:/program files (x86)/gnu arm embedded toolchain/10 2021.10/bin/../lib/gcc/arm-none-eabi/10.3.1/../../../../arm-none-eabi/lib/thumb/v7e-m+fp/hard\libc_nano.a(lib_a-reent.o)
 .ARM.attributes
                0x00000ec2       0x34 c:/program files (x86)/gnu arm embedded toolchain/10 2021.10/bin/../lib/gcc/arm-none-eabi/10.3.1/../../../../arm-none-eabi/lib/thumb/v7e-m+fp/hard\libc_nano.a(lib_a-fstatr.o)
 .ARM.attributes
                0x00000ef6       0x34 c:/program files (x86)/gnu arm embedded toolchain/10 2021.10/bin/../lib/gcc/arm-none-eabi/10.3.1/../../../../arm-none-eabi/lib/thumb/v7e-m+fp/hard\libc_nano.a(lib_a-isattyr.o)
 .ARM.attributes
                0x00000f2a       0x1c c:/program files (x86)/gnu arm embedded toolchain/10 2021.10/bin/../lib/gcc/arm-none-eabi/10.3.1/../../../../arm-none-eabi/lib/thumb/v7e-m+fp/hard\libc_nano.a(lib_a-memchr.o)
 .ARM.attributes
                0x00000f46       0x34 c:/program files (x86)/gnu arm embedded toolchain/10 2021.10/bin/../lib/gcc/arm-none-eabi/10.3.1/../../../../arm-none-eabi/lib/thumb/v7e-m+fp/hard\libnosys.a(close.o)
 .ARM.attributes
                0x00000f7a       0x34 c:/program files (x86)/gnu arm embedded toolchain/10 2021.10/bin/../lib/gcc/arm-none-eabi/10.3.1/../../../../arm-none-eabi/lib/thumb/v7e-m+fp/hard\libnosys.a(fstat.o)
 .ARM.attributes
                0x00000fae       0x34 c:/program files (x86)/gnu arm embedded toolchain/10 2021.10/bin/../lib/gcc/arm-none-eabi/10.3.1/../../../../arm-none-eabi/lib/thumb/v7e-m+fp/hard\libnosys.a(isatty.o)
 .ARM.attributes
                0x00000fe2       0x34 c:/program files (x86)/gnu arm embedded toolchain/10 2021.10/bin/../lib/gcc/arm-none-eabi/10.3.1/../../../../arm-none-eabi/lib/thumb/v7e-m+fp/hard\libnosys.a(lseek.o)
 .ARM.attributes
                0x00001016       0x34 c:/program files (x86)/gnu arm embedded toolchain/10 2021.10/bin/../lib/gcc/arm-none-eabi/10.3.1/../../../../arm-none-eabi/lib/thumb/v7e-m+fp/hard\libnosys.a(read.o)
 .ARM.attributes
                0x0000104a       0x34 c:/program files (x86)/gnu arm embedded toolchain/10 2021.10/bin/../lib/gcc/arm-none-eabi/10.3.1/../../../../arm-none-eabi/lib/thumb/v7e-m+fp/hard\libnosys.a(sbrk.o)
 .ARM.attributes
                0x0000107e       0x34 c:/program files (x86)/gnu arm embedded toolchain/10 2021.10/bin/../lib/gcc/arm-none-eabi/10.3.1/../../../../arm-none-eabi/lib/thumb/v7e-m+fp/hard\libnosys.a(write.o)
 .ARM.attributes
                0x000010b2       0x1e c:/program files (x86)/gnu arm embedded toolchain/10 2021.10/bin/../lib/gcc/arm-none-eabi/10.3.1/thumb/v7e-m+fp/hard\libgcc.a(_arm_muldf3.o)
 .ARM.attributes
                0x000010d0       0x1e c:/program files (x86)/gnu arm embedded toolchain/10 2021.10/bin/../lib/gcc/arm-none-eabi/10.3.1/thumb/v7e-m+fp/hard\libgcc.a(_arm_addsubdf3.o)
 .ARM.attributes
                0x000010ee       0x1e c:/program files (x86)/gnu arm embedded toolchain/10 2021.10/bin/../lib/gcc/arm-none-eabi/10.3.1/thumb/v7e-m+fp/hard\libgcc.a(_arm_fixunsdfsi.o)
 .ARM.attributes
                0x0000110c       0x1e c:/program files (x86)/gnu arm embedded toolchain/10 2021.10/bin/../lib/gcc/arm-none-eabi/10.3.1/thumb/v7e-m+fp/hard/crtn.o
OUTPUT(build/cityscope_proximity_controller.elf elf32-littlearm)
LOAD linker stubs
LOAD c:/program files (x86)/gnu arm embedded toolchain/10 2021.10/bin/../lib/gcc/arm-none-eabi/10.3.1/../../../../arm-none-eabi/lib/thumb/v7e-m+fp/hard\libc.a
LOAD c:/program files (x86)/gnu arm embedded toolchain/10 2021.10/bin/../lib/gcc/arm-none-eabi/10.3.1/../../../../arm-none-eabi/lib/thumb/v7e-m+fp/hard\libm.a
LOAD c:/program files (x86)/gnu arm embedded toolchain/10 2021.10/bin/../lib/gcc/arm-none-eabi/10.3.1/thumb/v7e-m+fp/hard\libgcc.a

.debug_info     0x00000000    0x3a816
 .debug_info    0x00000000     0x28b5 build/main.o
 .debug_info    0x000028b5      0x3cf build/gpio.o
 .debug_info    0x00002c84     0x2dfb build/freertos.o
 .debug_info    0x00005a7f      0xbed build/can.o
 .debug_info    0x0000666c      0x694 build/flashROM.o
 .debug_info    0x00006d00     0x11f5 build/tim.o
 .debug_info    0x00007ef5      0xf98 build/stm32f3xx_it.o
 .debug_info    0x00008e8d      0x341 build/stm32f3xx_hal_msp.o
 .debug_info    0x000091ce      0xe93 build/stm32f3xx_hal_timebase_tim.o